Component: ARM Compiler 5.06 update 5 (build 528) Tool: armlink [4d35e2]

==============================================================================

Section Cross References

    main.o(i.USART3_IRQHandler) refers to usart.o(i.getByte_U3) for getByte_U3
    main.o(i.USART3_IRQHandler) refers to gpios.o(i.indicator_on) for indicator_on
    main.o(i.USART3_IRQHandler) refers to command.o(i.process) for process
    main.o(i.main) refers to clock.o(i.setupClock) for setupClock
    main.o(i.main) refers to gpios.o(i.GPIOs_ini) for GPIOs_ini
    main.o(i.main) refers to timer.o(i.setTim1) for setTim1
    main.o(i.main) refers to timer.o(i.setTim3) for setTim3
    main.o(i.main) refers to timer.o(i.setTim4) for setTim4
    main.o(i.main) refers to usart.o(i.USART3_ini) for USART3_ini
    util.o(i.delay_ms) refers to fmul.o(x$fpl$fmul) for __aeabi_fmul
    util.o(i.delay_ms) refers to fflt_clz.o(x$fpl$fflt) for __aeabi_i2f
    util.o(i.delay_ms) refers to fleqf.o(x$fpl$fleqf) for __aeabi_cfcmple
    command.o(i.command_rev) refers to usart.o(i.getByte_U3) for getByte_U3
    command.o(i.process) refers to operation_index.o(i.operation_fwd) for operation_fwd
    command.o(i.process) refers to operation_index.o(i.operation_bwd) for operation_bwd
    command.o(i.process) refers to operation_index.o(i.operation_turnLeft) for operation_turnLeft
    command.o(i.process) refers to operation_index.o(i.operation_turnRight) for operation_turnRight
    command.o(i.process) refers to operation_index.o(i.opreation_second_acceleration) for opreation_second_acceleration
    command.o(i.process) refers to operation_index.o(i.operation_third_acceleration) for operation_third_acceleration
    command.o(i.process) refers to operation_index.o(i.operation_armFwd) for operation_armFwd
    command.o(i.process) refers to operation_index.o(i.operation_armBwd) for operation_armBwd
    command.o(i.process) refers to operation_index.o(i.operation_armStop) for operation_armStop
    command.o(i.process) refers to operation_index.o(i.operation_subarmFwd) for operation_subarmFwd
    command.o(i.process) refers to operation_index.o(i.operation_subarmBwd) for operation_subarmBwd
    command.o(i.process) refers to operation_index.o(i.operation_rotate_arm_right_10deg) for operation_rotate_arm_right_10deg
    command.o(i.process) refers to operation_index.o(i.operation_rotate_arm_left_10deg) for operation_rotate_arm_left_10deg
    command.o(i.process) refers to operation_index.o(i.opreation_wheel_stop) for opreation_wheel_stop
    command.o(i.process) refers to operation_index.o(i.operation_clampGet) for operation_clampGet
    command.o(i.process) refers to operation_index.o(i.operation_clampLease) for operation_clampLease
    command.o(i.process) refers to operation_index.o(i.operation_clampStop) for operation_clampStop
    command.o(i.process) refers to operation_index.o(i.operation_rotate_arm_left) for operation_rotate_arm_left
    command.o(i.process) refers to operation_index.o(i.operation_rotate_arm_right) for operation_rotate_arm_right
    command.o(i.process) refers to operation_index.o(i.operation_rotate_clamp_left) for operation_rotate_clamp_left
    command.o(i.process) refers to operation_index.o(i.operation_rotate_clamp_right) for operation_rotate_clamp_right
    command.o(i.process) refers to operation_index.o(i.operation_arm_mvfwd_5_deg) for operation_arm_mvfwd_5_deg
    command.o(i.process) refers to operation_index.o(i.operation_arm_mvbwd_5_deg) for operation_arm_mvbwd_5_deg
    command.o(i.process) refers to operation_index.o(i.operation_subarm_mvfwd_5_deg) for operation_subarm_mvfwd_5_deg
    command.o(i.process) refers to operation_index.o(i.operation_subarm_mvbwd_5_deg) for operation_subarm_mvbwd_5_deg
    command.o(i.process) refers to operation_index.o(i.initialization) for initialization
    operation_index.o(i.initialization) refers to util.o(i.delay_ms) for delay_ms
    operation_index.o(i.initialization) refers to operation_index.o(.data) for main_arm_mvm_signal
    operation_index.o(i.operation_armBwd) refers to util.o(i.delay_ms) for delay_ms
    operation_index.o(i.operation_armBwd) refers to operation_index.o(.data) for main_arm_mvm_signal
    operation_index.o(i.operation_armFwd) refers to util.o(i.delay_ms) for delay_ms
    operation_index.o(i.operation_armFwd) refers to operation_index.o(.data) for main_arm_mvm_signal
    operation_index.o(i.operation_arm_mvbwd_5_deg) refers to util.o(i.delay_ms) for delay_ms
    operation_index.o(i.operation_arm_mvbwd_5_deg) refers to operation_index.o(.data) for main_arm_mvm_signal
    operation_index.o(i.operation_arm_mvfwd_5_deg) refers to util.o(i.delay_ms) for delay_ms
    operation_index.o(i.operation_arm_mvfwd_5_deg) refers to operation_index.o(.data) for main_arm_mvm_signal
    operation_index.o(i.operation_bwd) refers to operation_index.o(i.motor1_on) for motor1_on
    operation_index.o(i.operation_bwd) refers to operation_index.o(i.motor2_on) for motor2_on
    operation_index.o(i.operation_bwd) refers to operation_index.o(i.motor_on) for motor_on
    operation_index.o(i.operation_clampGet) refers to util.o(i.delay_ms) for delay_ms
    operation_index.o(i.operation_clampGet) refers to operation_index.o(.data) for clamp_mvm_signal
    operation_index.o(i.operation_clampLease) refers to util.o(i.delay_ms) for delay_ms
    operation_index.o(i.operation_clampLease) refers to operation_index.o(.data) for clamp_mvm_signal
    operation_index.o(i.operation_fwd) refers to operation_index.o(i.motor1_on) for motor1_on
    operation_index.o(i.operation_fwd) refers to operation_index.o(i.motor2_on) for motor2_on
    operation_index.o(i.operation_fwd) refers to operation_index.o(i.motor_on) for motor_on
    operation_index.o(i.operation_rotate_arm_left) refers to util.o(i.delay_ms) for delay_ms
    operation_index.o(i.operation_rotate_arm_left) refers to operation_index.o(.data) for arm_rotate_signal
    operation_index.o(i.operation_rotate_arm_left_10deg) refers to util.o(i.delay_ms) for delay_ms
    operation_index.o(i.operation_rotate_arm_left_10deg) refers to operation_index.o(.data) for arm_rotate_signal
    operation_index.o(i.operation_rotate_arm_right) refers to util.o(i.delay_ms) for delay_ms
    operation_index.o(i.operation_rotate_arm_right) refers to operation_index.o(.data) for arm_rotate_signal
    operation_index.o(i.operation_rotate_arm_right_10deg) refers to util.o(i.delay_ms) for delay_ms
    operation_index.o(i.operation_rotate_arm_right_10deg) refers to operation_index.o(.data) for arm_rotate_signal
    operation_index.o(i.operation_rotate_clamp_left) refers to util.o(i.delay_ms) for delay_ms
    operation_index.o(i.operation_rotate_clamp_left) refers to operation_index.o(.data) for clamp_rotate_signal
    operation_index.o(i.operation_rotate_clamp_right) refers to util.o(i.delay_ms) for delay_ms
    operation_index.o(i.operation_rotate_clamp_right) refers to operation_index.o(.data) for clamp_rotate_signal
    operation_index.o(i.operation_subarmBwd) refers to util.o(i.delay_ms) for delay_ms
    operation_index.o(i.operation_subarmBwd) refers to operation_index.o(.data) for sub_arm_mvm_signal
    operation_index.o(i.operation_subarmFwd) refers to util.o(i.delay_ms) for delay_ms
    operation_index.o(i.operation_subarmFwd) refers to operation_index.o(.data) for sub_arm_mvm_signal
    operation_index.o(i.operation_subarm_mvbwd_5_deg) refers to util.o(i.delay_ms) for delay_ms
    operation_index.o(i.operation_subarm_mvbwd_5_deg) refers to operation_index.o(.data) for sub_arm_mvm_signal
    operation_index.o(i.operation_subarm_mvfwd_5_deg) refers to util.o(i.delay_ms) for delay_ms
    operation_index.o(i.operation_subarm_mvfwd_5_deg) refers to operation_index.o(.data) for sub_arm_mvm_signal
    operation_index.o(i.operation_turnLeft) refers to operation_index.o(i.motor2_on) for motor2_on
    operation_index.o(i.operation_turnLeft) refers to operation_index.o(i.motor1_on) for motor1_on
    operation_index.o(i.operation_turnLeft) refers to operation_index.o(i.motor_on) for motor_on
    operation_index.o(i.operation_turnRight) refers to operation_index.o(i.motor1_on) for motor1_on
    operation_index.o(i.operation_turnRight) refers to operation_index.o(i.motor2_on) for motor2_on
    operation_index.o(i.operation_turnRight) refers to operation_index.o(i.motor_on) for motor_on
    dma_stm32f10x.o(i.DMA1_Channel1_IRQHandler) refers to dma_stm32f10x.o(i.DMA1_Channel1_Event) for DMA1_Channel1_Event
    dma_stm32f10x.o(i.DMA1_Channel2_IRQHandler) refers to dma_stm32f10x.o(i.DMA1_Channel2_Event) for DMA1_Channel2_Event
    dma_stm32f10x.o(i.DMA1_Channel3_IRQHandler) refers to dma_stm32f10x.o(i.DMA1_Channel3_Event) for DMA1_Channel3_Event
    dma_stm32f10x.o(i.DMA1_Channel4_IRQHandler) refers to dma_stm32f10x.o(i.DMA1_Channel4_Event) for DMA1_Channel4_Event
    dma_stm32f10x.o(i.DMA1_Channel5_IRQHandler) refers to dma_stm32f10x.o(i.DMA1_Channel5_Event) for DMA1_Channel5_Event
    dma_stm32f10x.o(i.DMA1_Channel6_IRQHandler) refers to dma_stm32f10x.o(i.DMA1_Channel6_Event) for DMA1_Channel6_Event
    dma_stm32f10x.o(i.DMA1_Channel7_IRQHandler) refers to dma_stm32f10x.o(i.DMA1_Channel7_Event) for DMA1_Channel7_Event
    dma_stm32f10x.o(i.DMA_ChannelInitialize) refers to dma_stm32f10x.o(i.__NVIC_ClearPendingIRQ) for __NVIC_ClearPendingIRQ
    dma_stm32f10x.o(i.DMA_ChannelInitialize) refers to dma_stm32f10x.o(i.__NVIC_EnableIRQ) for __NVIC_EnableIRQ
    dma_stm32f10x.o(i.DMA_ChannelInitialize) refers to dma_stm32f10x.o(.data) for DMA1_Channel
    dma_stm32f10x.o(i.DMA_ChannelUninitialize) refers to dma_stm32f10x.o(i.__NVIC_DisableIRQ) for __NVIC_DisableIRQ
    dma_stm32f10x.o(i.DMA_ChannelUninitialize) refers to dma_stm32f10x.o(.data) for DMA1_Channel
    startup_stm32f10x_md_vl.o(STACK) refers (Special) to heapauxi.o(.text) for __use_two_region_memory
    startup_stm32f10x_md_vl.o(HEAP) refers (Special) to heapauxi.o(.text) for __use_two_region_memory
    startup_stm32f10x_md_vl.o(RESET) refers (Special) to heapauxi.o(.text) for __use_two_region_memory
    startup_stm32f10x_md_vl.o(RESET) refers to startup_stm32f10x_md_vl.o(STACK) for __initial_sp
    startup_stm32f10x_md_vl.o(RESET) refers to startup_stm32f10x_md_vl.o(.text) for Reset_Handler
    startup_stm32f10x_md_vl.o(RESET) refers to dma_stm32f10x.o(i.DMA1_Channel1_IRQHandler) for DMA1_Channel1_IRQHandler
    startup_stm32f10x_md_vl.o(RESET) refers to dma_stm32f10x.o(i.DMA1_Channel2_IRQHandler) for DMA1_Channel2_IRQHandler
    startup_stm32f10x_md_vl.o(RESET) refers to dma_stm32f10x.o(i.DMA1_Channel3_IRQHandler) for DMA1_Channel3_IRQHandler
    startup_stm32f10x_md_vl.o(RESET) refers to dma_stm32f10x.o(i.DMA1_Channel4_IRQHandler) for DMA1_Channel4_IRQHandler
    startup_stm32f10x_md_vl.o(RESET) refers to dma_stm32f10x.o(i.DMA1_Channel5_IRQHandler) for DMA1_Channel5_IRQHandler
    startup_stm32f10x_md_vl.o(RESET) refers to dma_stm32f10x.o(i.DMA1_Channel6_IRQHandler) for DMA1_Channel6_IRQHandler
    startup_stm32f10x_md_vl.o(RESET) refers to dma_stm32f10x.o(i.DMA1_Channel7_IRQHandler) for DMA1_Channel7_IRQHandler
    startup_stm32f10x_md_vl.o(RESET) refers to main.o(i.USART3_IRQHandler) for USART3_IRQHandler
    startup_stm32f10x_md_vl.o(.text) refers (Special) to heapauxi.o(.text) for __use_two_region_memory
    startup_stm32f10x_md_vl.o(.text) refers to system_stm32f10x.o(i.SystemInit) for SystemInit
    startup_stm32f10x_md_vl.o(.text) refers to __main.o(!!!main) for __main
    startup_stm32f10x_md_vl.o(.text) refers to startup_stm32f10x_md_vl.o(HEAP) for Heap_Mem
    startup_stm32f10x_md_vl.o(.text) refers to startup_stm32f10x_md_vl.o(STACK) for Stack_Mem
    system_stm32f10x.o(i.SetSysClock) refers to system_stm32f10x.o(i.SetSysClockTo24) for SetSysClockTo24
    system_stm32f10x.o(i.SystemCoreClockUpdate) refers to system_stm32f10x.o(.data) for SystemCoreClock
    system_stm32f10x.o(i.SystemInit) refers to system_stm32f10x.o(i.SetSysClock) for SetSysClock
    __main.o(!!!main) refers to __rtentry.o(.ARM.Collect$$rtentry$$00000000) for __rt_entry
    fflt_clz.o(x$fpl$ffltu) refers (Special) to usenofp.o(x$fpl$usenofp) for __I$use$fp
    fflt_clz.o(x$fpl$fflt) refers (Special) to usenofp.o(x$fpl$usenofp) for __I$use$fp
    fflt_clz.o(x$fpl$ffltn) refers (Special) to usenofp.o(x$fpl$usenofp) for __I$use$fp
    fleqf.o(x$fpl$fleqf) refers (Special) to usenofp.o(x$fpl$usenofp) for __I$use$fp
    fleqf.o(x$fpl$fleqf) refers to fnaninf.o(x$fpl$fnaninf) for __fpl_fnaninf
    fleqf.o(x$fpl$fleqf) refers to fcmpi.o(x$fpl$fcmpinf) for __fpl_fcmp_Inf
    fmul.o(x$fpl$fmul) refers (Special) to usenofp.o(x$fpl$usenofp) for __I$use$fp
    fmul.o(x$fpl$fmul) refers to fretinf.o(x$fpl$fretinf) for __fpl_fretinf
    fmul.o(x$fpl$fmul) refers to fnaninf.o(x$fpl$fnaninf) for __fpl_fnaninf
    __rtentry.o(.ARM.Collect$$rtentry$$00000000) refers (Special) to __rtentry2.o(.ARM.Collect$$rtentry$$0000000A) for __rt_entry_li
    __rtentry.o(.ARM.Collect$$rtentry$$00000000) refers (Special) to __rtentry2.o(.ARM.Collect$$rtentry$$0000000D) for __rt_entry_main
    __rtentry.o(.ARM.Collect$$rtentry$$00000000) refers (Special) to __rtentry2.o(.ARM.Collect$$rtentry$$0000000C) for __rt_entry_postli_1
    __rtentry.o(.ARM.Collect$$rtentry$$00000000) refers (Special) to __rtentry2.o(.ARM.Collect$$rtentry$$00000009) for __rt_entry_postsh_1
    __rtentry.o(.ARM.Collect$$rtentry$$00000000) refers (Special) to __rtentry2.o(.ARM.Collect$$rtentry$$00000002) for __rt_entry_presh_1
    __rtentry.o(.ARM.Collect$$rtentry$$00000000) refers (Special) to __rtentry4.o(.ARM.Collect$$rtentry$$00000004) for __rt_entry_sh
    fcmpi.o(x$fpl$fcmpinf) refers (Special) to usenofp.o(x$fpl$usenofp) for __I$use$fp
    fnaninf.o(x$fpl$fnaninf) refers (Special) to usenofp.o(x$fpl$usenofp) for __I$use$fp
    fretinf.o(x$fpl$fretinf) refers (Special) to usenofp.o(x$fpl$usenofp) for __I$use$fp
    __rtentry2.o(.ARM.Collect$$rtentry$$00000008) refers to boardinit2.o(.text) for _platform_post_stackheap_init
    __rtentry2.o(.ARM.Collect$$rtentry$$0000000A) refers to libinit.o(.ARM.Collect$$libinit$$00000000) for __rt_lib_init
    __rtentry2.o(.ARM.Collect$$rtentry$$0000000B) refers to boardinit3.o(.text) for _platform_post_lib_init
    __rtentry2.o(.ARM.Collect$$rtentry$$0000000D) refers to main.o(i.main) for main
    __rtentry2.o(.ARM.Collect$$rtentry$$0000000D) refers to exit.o(.text) for exit
    __rtentry2.o(.ARM.exidx) refers to __rtentry2.o(.ARM.Collect$$rtentry$$00000001) for .ARM.Collect$$rtentry$$00000001
    __rtentry2.o(.ARM.exidx) refers to __rtentry2.o(.ARM.Collect$$rtentry$$00000008) for .ARM.Collect$$rtentry$$00000008
    __rtentry2.o(.ARM.exidx) refers to __rtentry2.o(.ARM.Collect$$rtentry$$0000000A) for .ARM.Collect$$rtentry$$0000000A
    __rtentry2.o(.ARM.exidx) refers to __rtentry2.o(.ARM.Collect$$rtentry$$0000000B) for .ARM.Collect$$rtentry$$0000000B
    __rtentry2.o(.ARM.exidx) refers to __rtentry2.o(.ARM.Collect$$rtentry$$0000000D) for .ARM.Collect$$rtentry$$0000000D
    __rtentry4.o(.ARM.Collect$$rtentry$$00000004) refers to sys_stackheap_outer.o(.text) for __user_setup_stackheap
    __rtentry4.o(.ARM.exidx) refers to __rtentry4.o(.ARM.Collect$$rtentry$$00000004) for .ARM.Collect$$rtentry$$00000004
    sys_stackheap_outer.o(.text) refers to libspace.o(.text) for __user_perproc_libspace
    sys_stackheap_outer.o(.text) refers to startup_stm32f10x_md_vl.o(.text) for __user_initial_stackheap
    exit.o(.text) refers to rtexit.o(.ARM.Collect$$rtexit$$00000000) for __rt_exit
    libinit.o(.ARM.Collect$$libinit$$00000000) refers (Special) to libinit2.o(.ARM.Collect$$libinit$$0000002E) for __rt_lib_init_alloca_1
    libinit.o(.ARM.Collect$$libinit$$00000000) refers (Special) to libinit2.o(.ARM.Collect$$libinit$$0000002C) for __rt_lib_init_argv_1
    libinit.o(.ARM.Collect$$libinit$$00000000) refers (Special) to libinit2.o(.ARM.Collect$$libinit$$0000001B) for __rt_lib_init_atexit_1
    libinit.o(.ARM.Collect$$libinit$$00000000) refers (Special) to libinit2.o(.ARM.Collect$$libinit$$00000021) for __rt_lib_init_clock_1
    libinit.o(.ARM.Collect$$libinit$$00000000) refers (Special) to libinit2.o(.ARM.Collect$$libinit$$00000032) for __rt_lib_init_cpp_1
    libinit.o(.ARM.Collect$$libinit$$00000000) refers (Special) to libinit2.o(.ARM.Collect$$libinit$$00000030) for __rt_lib_init_exceptions_1
    libinit.o(.ARM.Collect$$libinit$$00000000) refers (Special) to libinit2.o(.ARM.Collect$$libinit$$00000002) for __rt_lib_init_fp_1
    libinit.o(.ARM.Collect$$libinit$$00000000) refers (Special) to libinit2.o(.ARM.Collect$$libinit$$0000001F) for __rt_lib_init_fp_trap_1
    libinit.o(.ARM.Collect$$libinit$$00000000) refers (Special) to libinit2.o(.ARM.Collect$$libinit$$00000023) for __rt_lib_init_getenv_1
    libinit.o(.ARM.Collect$$libinit$$00000000) refers (Special) to libinit2.o(.ARM.Collect$$libinit$$0000000A) for __rt_lib_init_heap_1
    libinit.o(.ARM.Collect$$libinit$$00000000) refers (Special) to libinit2.o(.ARM.Collect$$libinit$$00000011) for __rt_lib_init_lc_collate_1
    libinit.o(.ARM.Collect$$libinit$$00000000) refers (Special) to libinit2.o(.ARM.Collect$$libinit$$00000013) for __rt_lib_init_lc_ctype_1
    libinit.o(.ARM.Collect$$libinit$$00000000) refers (Special) to libinit2.o(.ARM.Collect$$libinit$$00000015) for __rt_lib_init_lc_monetary_1
    libinit.o(.ARM.Collect$$libinit$$00000000) refers (Special) to libinit2.o(.ARM.Collect$$libinit$$00000017) for __rt_lib_init_lc_numeric_1
    libinit.o(.ARM.Collect$$libinit$$00000000) refers (Special) to libinit2.o(.ARM.Collect$$libinit$$00000019) for __rt_lib_init_lc_time_1
    libinit.o(.ARM.Collect$$libinit$$00000000) refers (Special) to libinit2.o(.ARM.Collect$$libinit$$00000004) for __rt_lib_init_preinit_1
    libinit.o(.ARM.Collect$$libinit$$00000000) refers (Special) to libinit2.o(.ARM.Collect$$libinit$$0000000E) for __rt_lib_init_rand_1
    libinit.o(.ARM.Collect$$libinit$$00000000) refers (Special) to libinit2.o(.ARM.Collect$$libinit$$00000033) for __rt_lib_init_return
    libinit.o(.ARM.Collect$$libinit$$00000000) refers (Special) to libinit2.o(.ARM.Collect$$libinit$$0000001D) for __rt_lib_init_signal_1
    libinit.o(.ARM.Collect$$libinit$$00000000) refers (Special) to libinit2.o(.ARM.Collect$$libinit$$00000025) for __rt_lib_init_stdio_1
    libinit.o(.ARM.Collect$$libinit$$00000000) refers (Special) to libinit2.o(.ARM.Collect$$libinit$$0000000C) for __rt_lib_init_user_alloc_1
    libspace.o(.text) refers to libspace.o(.bss) for __libspace_start
    rtexit.o(.ARM.Collect$$rtexit$$00000000) refers (Special) to rtexit2.o(.ARM.Collect$$rtexit$$00000004) for __rt_exit_exit
    rtexit.o(.ARM.Collect$$rtexit$$00000000) refers (Special) to rtexit2.o(.ARM.Collect$$rtexit$$00000003) for __rt_exit_ls
    rtexit.o(.ARM.Collect$$rtexit$$00000000) refers (Special) to rtexit2.o(.ARM.Collect$$rtexit$$00000002) for __rt_exit_prels_1
    rtexit.o(.ARM.exidx) refers (Special) to rtexit2.o(.ARM.Collect$$rtexit$$00000004) for __rt_exit_exit
    rtexit.o(.ARM.exidx) refers (Special) to rtexit2.o(.ARM.Collect$$rtexit$$00000003) for __rt_exit_ls
    rtexit.o(.ARM.exidx) refers (Special) to rtexit2.o(.ARM.Collect$$rtexit$$00000002) for __rt_exit_prels_1
    rtexit.o(.ARM.exidx) refers to rtexit.o(.ARM.Collect$$rtexit$$00000000) for .ARM.Collect$$rtexit$$00000000
    libinit2.o(.ARM.Collect$$libinit$$00000010) refers to libinit2.o(.ARM.Collect$$libinit$$0000000F) for .ARM.Collect$$libinit$$0000000F
    libinit2.o(.ARM.Collect$$libinit$$00000012) refers to libinit2.o(.ARM.Collect$$libinit$$0000000F) for .ARM.Collect$$libinit$$0000000F
    libinit2.o(.ARM.Collect$$libinit$$00000014) refers to libinit2.o(.ARM.Collect$$libinit$$0000000F) for .ARM.Collect$$libinit$$0000000F
    libinit2.o(.ARM.Collect$$libinit$$00000016) refers to libinit2.o(.ARM.Collect$$libinit$$0000000F) for .ARM.Collect$$libinit$$0000000F
    libinit2.o(.ARM.Collect$$libinit$$00000018) refers to libinit2.o(.ARM.Collect$$libinit$$0000000F) for .ARM.Collect$$libinit$$0000000F
    libinit2.o(.ARM.Collect$$libinit$$00000026) refers to argv_veneer.o(.emb_text) for __ARM_argv_veneer
    libinit2.o(.ARM.Collect$$libinit$$00000027) refers to argv_veneer.o(.emb_text) for __ARM_argv_veneer
    rtexit2.o(.ARM.Collect$$rtexit$$00000003) refers to libshutdown.o(.ARM.Collect$$libshutdown$$00000000) for __rt_lib_shutdown
    rtexit2.o(.ARM.Collect$$rtexit$$00000004) refers to sys_exit.o(.text) for _sys_exit
    rtexit2.o(.ARM.exidx) refers to rtexit2.o(.ARM.Collect$$rtexit$$00000001) for .ARM.Collect$$rtexit$$00000001
    rtexit2.o(.ARM.exidx) refers to rtexit2.o(.ARM.Collect$$rtexit$$00000003) for .ARM.Collect$$rtexit$$00000003
    rtexit2.o(.ARM.exidx) refers to rtexit2.o(.ARM.Collect$$rtexit$$00000004) for .ARM.Collect$$rtexit$$00000004
    argv_veneer.o(.emb_text) refers to no_argv.o(.text) for __ARM_get_argv
    sys_exit.o(.text) refers (Special) to use_no_semi.o(.text) for __I$use$semihosting
    sys_exit.o(.text) refers (Special) to indicate_semi.o(.text) for __semihosting_library_function
    _get_argv_nomalloc.o(.text) refers (Special) to hrguard.o(.text) for __heap_region$guard
    _get_argv_nomalloc.o(.text) refers to defsig_rtmem_outer.o(.text) for __rt_SIGRTMEM
    _get_argv_nomalloc.o(.text) refers to sys_command.o(.text) for _sys_command_string
    libshutdown.o(.ARM.Collect$$libshutdown$$00000000) refers (Special) to libshutdown2.o(.ARM.Collect$$libshutdown$$00000002) for __rt_lib_shutdown_cpp_1
    libshutdown.o(.ARM.Collect$$libshutdown$$00000000) refers (Special) to libshutdown2.o(.ARM.Collect$$libshutdown$$00000007) for __rt_lib_shutdown_fp_trap_1
    libshutdown.o(.ARM.Collect$$libshutdown$$00000000) refers (Special) to libshutdown2.o(.ARM.Collect$$libshutdown$$0000000F) for __rt_lib_shutdown_heap_1
    libshutdown.o(.ARM.Collect$$libshutdown$$00000000) refers (Special) to libshutdown2.o(.ARM.Collect$$libshutdown$$00000010) for __rt_lib_shutdown_return
    libshutdown.o(.ARM.Collect$$libshutdown$$00000000) refers (Special) to libshutdown2.o(.ARM.Collect$$libshutdown$$0000000A) for __rt_lib_shutdown_signal_1
    libshutdown.o(.ARM.Collect$$libshutdown$$00000000) refers (Special) to libshutdown2.o(.ARM.Collect$$libshutdown$$00000004) for __rt_lib_shutdown_stdio_1
    libshutdown.o(.ARM.Collect$$libshutdown$$00000000) refers (Special) to libshutdown2.o(.ARM.Collect$$libshutdown$$0000000C) for __rt_lib_shutdown_user_alloc_1
    sys_command.o(.text) refers (Special) to use_no_semi.o(.text) for __I$use$semihosting
    sys_command.o(.text) refers (Special) to indicate_semi.o(.text) for __semihosting_library_function
    defsig_rtmem_outer.o(.text) refers to defsig_rtmem_inner.o(.text) for __rt_SIGRTMEM_inner
    defsig_rtmem_outer.o(.text) refers to defsig_exit.o(.text) for __sig_exit
    defsig_rtmem_formal.o(.text) refers to rt_raise.o(.text) for __rt_raise
    rt_raise.o(.text) refers to __raise.o(.text) for __raise
    rt_raise.o(.text) refers to sys_exit.o(.text) for _sys_exit
    defsig_exit.o(.text) refers to sys_exit.o(.text) for _sys_exit
    defsig_rtmem_inner.o(.text) refers to defsig_general.o(.text) for __default_signal_display
    __raise.o(.text) refers to defsig.o(CL$$defsig) for __default_signal_handler
    defsig_general.o(.text) refers to sys_wrch.o(.text) for _ttywrch
    sys_wrch.o(.text) refers (Special) to use_no_semi.o(.text) for __I$use$semihosting
    sys_wrch.o(.text) refers (Special) to indicate_semi.o(.text) for __semihosting_library_function
    defsig.o(CL$$defsig) refers to defsig_rtmem_inner.o(.text) for __rt_SIGRTMEM_inner
    defsig_abrt_inner.o(.text) refers to defsig_general.o(.text) for __default_signal_display
    defsig_fpe_inner.o(.text) refers to defsig_general.o(.text) for __default_signal_display
    defsig_rtred_inner.o(.text) refers to defsig_general.o(.text) for __default_signal_display
    defsig_stak_inner.o(.text) refers to defsig_general.o(.text) for __default_signal_display
    defsig_pvfn_inner.o(.text) refers to defsig_general.o(.text) for __default_signal_display
    defsig_cppl_inner.o(.text) refers to defsig_general.o(.text) for __default_signal_display
    defsig_segv_inner.o(.text) refers to defsig_general.o(.text) for __default_signal_display
    defsig_other.o(.text) refers to defsig_general.o(.text) for __default_signal_display


==============================================================================

Removing Unused input sections from the image.

    Removing clock.o(.rev16_text), (4 bytes).
    Removing clock.o(.revsh_text), (4 bytes).
    Removing clock.o(.rrx_text), (6 bytes).
    Removing gpios.o(.rev16_text), (4 bytes).
    Removing gpios.o(.revsh_text), (4 bytes).
    Removing gpios.o(.rrx_text), (6 bytes).
    Removing gpios.o(i.greenLed_off), (20 bytes).
    Removing gpios.o(i.greenLed_on), (20 bytes).
    Removing gpios.o(i.indicator_off), (20 bytes).
    Removing gpios.o(i.ir_sensor), (40 bytes).
    Removing main.o(.rev16_text), (4 bytes).
    Removing main.o(.revsh_text), (4 bytes).
    Removing main.o(.rrx_text), (6 bytes).
    Removing main.o(.data), (4 bytes).
    Removing timer.o(.rev16_text), (4 bytes).
    Removing timer.o(.revsh_text), (4 bytes).
    Removing timer.o(.rrx_text), (6 bytes).
    Removing timer.o(i.closeAllTimer), (52 bytes).
    Removing usart.o(.rev16_text), (4 bytes).
    Removing usart.o(.revsh_text), (4 bytes).
    Removing usart.o(.rrx_text), (6 bytes).
    Removing usart.o(i.sendByte_U3), (40 bytes).
    Removing adc.o(.rev16_text), (4 bytes).
    Removing adc.o(.revsh_text), (4 bytes).
    Removing adc.o(.rrx_text), (6 bytes).
    Removing adc.o(i.ADC_1_ini), (228 bytes).
    Removing command.o(.rev16_text), (4 bytes).
    Removing command.o(.revsh_text), (4 bytes).
    Removing command.o(.rrx_text), (6 bytes).
    Removing command.o(i.command_rev), (12 bytes).
    Removing operation_index.o(.rev16_text), (4 bytes).
    Removing operation_index.o(.revsh_text), (4 bytes).
    Removing operation_index.o(.rrx_text), (6 bytes).
    Removing operation_index.o(i.stop_motor1), (40 bytes).
    Removing operation_index.o(i.stop_motor2), (40 bytes).
    Removing dma_stm32f10x.o(.rev16_text), (4 bytes).
    Removing dma_stm32f10x.o(.revsh_text), (4 bytes).
    Removing dma_stm32f10x.o(.rrx_text), (6 bytes).
    Removing dma_stm32f10x.o(i.DMA_ChannelInitialize), (256 bytes).
    Removing dma_stm32f10x.o(i.DMA_ChannelUninitialize), (188 bytes).
    Removing dma_stm32f10x.o(i.__NVIC_ClearPendingIRQ), (28 bytes).
    Removing dma_stm32f10x.o(i.__NVIC_DisableIRQ), (60 bytes).
    Removing dma_stm32f10x.o(i.__NVIC_EnableIRQ), (34 bytes).
    Removing dma_stm32f10x.o(.data), (1 bytes).
    Removing system_stm32f10x.o(.rev16_text), (4 bytes).
    Removing system_stm32f10x.o(.revsh_text), (4 bytes).
    Removing system_stm32f10x.o(.rrx_text), (6 bytes).
    Removing system_stm32f10x.o(i.SystemCoreClockUpdate), (160 bytes).
    Removing system_stm32f10x.o(.data), (20 bytes).

49 unused section(s) (total 1403 bytes) removed from the image.

==============================================================================

Image Symbol Table

    Local Symbols

    Symbol Name                              Value     Ov Type        Size  Object(Section)

    ../clib/angel/boardlib.s                 0x00000000   Number         0  boardshut.o ABSOLUTE
    ../clib/angel/boardlib.s                 0x00000000   Number         0  boardinit3.o ABSOLUTE
    ../clib/angel/boardlib.s                 0x00000000   Number         0  boardinit2.o ABSOLUTE
    ../clib/angel/boardlib.s                 0x00000000   Number         0  boardinit1.o ABSOLUTE
    ../clib/angel/handlers.s                 0x00000000   Number         0  __scatter_copy.o ABSOLUTE
    ../clib/angel/handlers.s                 0x00000000   Number         0  __scatter_zi.o ABSOLUTE
    ../clib/angel/kernel.s                   0x00000000   Number         0  __rtentry.o ABSOLUTE
    ../clib/angel/kernel.s                   0x00000000   Number         0  rtexit.o ABSOLUTE
    ../clib/angel/kernel.s                   0x00000000   Number         0  rtexit2.o ABSOLUTE
    ../clib/angel/kernel.s                   0x00000000   Number         0  __rtentry2.o ABSOLUTE
    ../clib/angel/kernel.s                   0x00000000   Number         0  __rtentry4.o ABSOLUTE
    ../clib/angel/rt.s                       0x00000000   Number         0  rt_raise.o ABSOLUTE
    ../clib/angel/scatter.s                  0x00000000   Number         0  __scatter.o ABSOLUTE
    ../clib/angel/startup.s                  0x00000000   Number         0  __main.o ABSOLUTE
    ../clib/angel/sys.s                      0x00000000   Number         0  indicate_semi.o ABSOLUTE
    ../clib/angel/sys.s                      0x00000000   Number         0  use_no_semi.o ABSOLUTE
    ../clib/angel/sys.s                      0x00000000   Number         0  libspace.o ABSOLUTE
    ../clib/angel/sys.s                      0x00000000   Number         0  sys_stackheap_outer.o ABSOLUTE
    ../clib/angel/sysapp.c                   0x00000000   Number         0  sys_wrch.o ABSOLUTE
    ../clib/angel/sysapp.c                   0x00000000   Number         0  sys_command.o ABSOLUTE
    ../clib/angel/sysapp.c                   0x00000000   Number         0  sys_exit.o ABSOLUTE
    ../clib/armsys.c                         0x00000000   Number         0  no_argv.o ABSOLUTE
    ../clib/armsys.c                         0x00000000   Number         0  argv_veneer.o ABSOLUTE
    ../clib/armsys.c                         0x00000000   Number         0  _get_argv_nomalloc.o ABSOLUTE
    ../clib/armsys.c                         0x00000000   Number         0  argv_veneer.o ABSOLUTE
    ../clib/heapalloc.c                      0x00000000   Number         0  hrguard.o ABSOLUTE
    ../clib/heapaux.c                        0x00000000   Number         0  heapauxi.o ABSOLUTE
    ../clib/libinit.s                        0x00000000   Number         0  libshutdown.o ABSOLUTE
    ../clib/libinit.s                        0x00000000   Number         0  libinit2.o ABSOLUTE
    ../clib/libinit.s                        0x00000000   Number         0  libinit.o ABSOLUTE
    ../clib/libinit.s                        0x00000000   Number         0  libshutdown2.o ABSOLUTE
    ../clib/signal.c                         0x00000000   Number         0  defsig_general.o ABSOLUTE
    ../clib/signal.c                         0x00000000   Number         0  defsig_abrt_inner.o ABSOLUTE
    ../clib/signal.c                         0x00000000   Number         0  defsig_exit.o ABSOLUTE
    ../clib/signal.c                         0x00000000   Number         0  defsig_fpe_inner.o ABSOLUTE
    ../clib/signal.c                         0x00000000   Number         0  defsig_rtred_inner.o ABSOLUTE
    ../clib/signal.c                         0x00000000   Number         0  defsig_pvfn_inner.o ABSOLUTE
    ../clib/signal.c                         0x00000000   Number         0  defsig_cppl_inner.o ABSOLUTE
    ../clib/signal.c                         0x00000000   Number         0  defsig_segv_inner.o ABSOLUTE
    ../clib/signal.c                         0x00000000   Number         0  defsig_other.o ABSOLUTE
    ../clib/signal.c                         0x00000000   Number         0  __raise.o ABSOLUTE
    ../clib/signal.c                         0x00000000   Number         0  defsig_stak_inner.o ABSOLUTE
    ../clib/signal.c                         0x00000000   Number         0  defsig_rtmem_inner.o ABSOLUTE
    ../clib/signal.c                         0x00000000   Number         0  defsig_rtmem_formal.o ABSOLUTE
    ../clib/signal.c                         0x00000000   Number         0  defsig_rtmem_outer.o ABSOLUTE
    ../clib/signal.s                         0x00000000   Number         0  defsig.o ABSOLUTE
    ../clib/stdlib.c                         0x00000000   Number         0  exit.o ABSOLUTE
    ../fplib/fcmpi.s                         0x00000000   Number         0  fcmpi.o ABSOLUTE
    ../fplib/fflt.s                          0x00000000   Number         0  fflt_clz.o ABSOLUTE
    ../fplib/fleqf.s                         0x00000000   Number         0  fleqf.o ABSOLUTE
    ../fplib/fmul.s                          0x00000000   Number         0  fmul.o ABSOLUTE
    ../fplib/fnaninf.s                       0x00000000   Number         0  fnaninf.o ABSOLUTE
    ../fplib/fpinit.s                        0x00000000   Number         0  fpinit.o ABSOLUTE
    ../fplib/fretinf.s                       0x00000000   Number         0  fretinf.o ABSOLUTE
    ../fplib/usenofp.s                       0x00000000   Number         0  usenofp.o ABSOLUTE
    C:\Keil_v5\ARM\PACK\Keil\STM32F1xx_DFP\2.3.0\RTE_Driver\DMA_STM32F10x.c 0x00000000   Number         0  dma_stm32f10x.o ABSOLUTE
    C:\\Keil_v5\\ARM\\PACK\\Keil\\STM32F1xx_DFP\\2.3.0\\RTE_Driver\\DMA_STM32F10x.c 0x00000000   Number         0  dma_stm32f10x.o ABSOLUTE
    GPIOs.c                                  0x00000000   Number         0  gpios.o ABSOLUTE
    GPIOs.c                                  0x00000000   Number         0  gpios.o ABSOLUTE
    RTE\Device\STM32F100RB\startup_stm32f10x_md_vl.s 0x00000000   Number         0  startup_stm32f10x_md_vl.o ABSOLUTE
    RTE\Device\STM32F100RB\system_stm32f10x.c 0x00000000   Number         0  system_stm32f10x.o ABSOLUTE
    RTE\\Device\\STM32F100RB\\system_stm32f10x.c 0x00000000   Number         0  system_stm32f10x.o ABSOLUTE
    USART.c                                  0x00000000   Number         0  usart.o ABSOLUTE
    USART.c                                  0x00000000   Number         0  usart.o ABSOLUTE
    adc.c                                    0x00000000   Number         0  adc.o ABSOLUTE
    adc.c                                    0x00000000   Number         0  adc.o ABSOLUTE
    clock.c                                  0x00000000   Number         0  clock.o ABSOLUTE
    clock.c                                  0x00000000   Number         0  clock.o ABSOLUTE
    command.c                                0x00000000   Number         0  command.o ABSOLUTE
    command.c                                0x00000000   Number         0  command.o ABSOLUTE
    dc.s                                     0x00000000   Number         0  dc.o ABSOLUTE
    main.c                                   0x00000000   Number         0  main.o ABSOLUTE
    main.c                                   0x00000000   Number         0  main.o ABSOLUTE
    operation_index.c                        0x00000000   Number         0  operation_index.o ABSOLUTE
    operation_index.c                        0x00000000   Number         0  operation_index.o ABSOLUTE
    timer.c                                  0x00000000   Number         0  timer.o ABSOLUTE
    timer.c                                  0x00000000   Number         0  timer.o ABSOLUTE
    util.c                                   0x00000000   Number         0  util.o ABSOLUTE
    RESET                                    0x08000000   Section      288  startup_stm32f10x_md_vl.o(RESET)
    !!!main                                  0x08000120   Section        8  __main.o(!!!main)
    !!!scatter                               0x08000128   Section       52  __scatter.o(!!!scatter)
    !!handler_copy                           0x0800015c   Section       26  __scatter_copy.o(!!handler_copy)
    !!handler_zi                             0x08000178   Section       28  __scatter_zi.o(!!handler_zi)
    .ARM.Collect$$libinit$$00000000          0x08000194   Section        2  libinit.o(.ARM.Collect$$libinit$$00000000)
    .ARM.Collect$$libinit$$00000002          0x08000196   Section        0  libinit2.o(.ARM.Collect$$libinit$$00000002)
    .ARM.Collect$$libinit$$00000004          0x08000196   Section        0  libinit2.o(.ARM.Collect$$libinit$$00000004)
    .ARM.Collect$$libinit$$0000000A          0x08000196   Section        0  libinit2.o(.ARM.Collect$$libinit$$0000000A)
    .ARM.Collect$$libinit$$0000000C          0x08000196   Section        0  libinit2.o(.ARM.Collect$$libinit$$0000000C)
    .ARM.Collect$$libinit$$0000000E          0x08000196   Section        0  libinit2.o(.ARM.Collect$$libinit$$0000000E)
    .ARM.Collect$$libinit$$00000011          0x08000196   Section        0  libinit2.o(.ARM.Collect$$libinit$$00000011)
    .ARM.Collect$$libinit$$00000013          0x08000196   Section        0  libinit2.o(.ARM.Collect$$libinit$$00000013)
    .ARM.Collect$$libinit$$00000015          0x08000196   Section        0  libinit2.o(.ARM.Collect$$libinit$$00000015)
    .ARM.Collect$$libinit$$00000017          0x08000196   Section        0  libinit2.o(.ARM.Collect$$libinit$$00000017)
    .ARM.Collect$$libinit$$00000019          0x08000196   Section        0  libinit2.o(.ARM.Collect$$libinit$$00000019)
    .ARM.Collect$$libinit$$0000001B          0x08000196   Section        0  libinit2.o(.ARM.Collect$$libinit$$0000001B)
    .ARM.Collect$$libinit$$0000001D          0x08000196   Section        0  libinit2.o(.ARM.Collect$$libinit$$0000001D)
    .ARM.Collect$$libinit$$0000001F          0x08000196   Section        0  libinit2.o(.ARM.Collect$$libinit$$0000001F)
    .ARM.Collect$$libinit$$00000021          0x08000196   Section        0  libinit2.o(.ARM.Collect$$libinit$$00000021)
    .ARM.Collect$$libinit$$00000023          0x08000196   Section        0  libinit2.o(.ARM.Collect$$libinit$$00000023)
    .ARM.Collect$$libinit$$00000025          0x08000196   Section        0  libinit2.o(.ARM.Collect$$libinit$$00000025)
    .ARM.Collect$$libinit$$0000002C          0x08000196   Section        0  libinit2.o(.ARM.Collect$$libinit$$0000002C)
    .ARM.Collect$$libinit$$0000002E          0x08000196   Section        0  libinit2.o(.ARM.Collect$$libinit$$0000002E)
    .ARM.Collect$$libinit$$00000030          0x08000196   Section        0  libinit2.o(.ARM.Collect$$libinit$$00000030)
    .ARM.Collect$$libinit$$00000032          0x08000196   Section        0  libinit2.o(.ARM.Collect$$libinit$$00000032)
    .ARM.Collect$$libinit$$00000033          0x08000196   Section        2  libinit2.o(.ARM.Collect$$libinit$$00000033)
    .ARM.Collect$$libshutdown$$00000000      0x08000198   Section        2  libshutdown.o(.ARM.Collect$$libshutdown$$00000000)
    .ARM.Collect$$libshutdown$$00000002      0x0800019a   Section        0  libshutdown2.o(.ARM.Collect$$libshutdown$$00000002)
    .ARM.Collect$$libshutdown$$00000004      0x0800019a   Section        0  libshutdown2.o(.ARM.Collect$$libshutdown$$00000004)
    .ARM.Collect$$libshutdown$$00000007      0x0800019a   Section        0  libshutdown2.o(.ARM.Collect$$libshutdown$$00000007)
    .ARM.Collect$$libshutdown$$0000000A      0x0800019a   Section        0  libshutdown2.o(.ARM.Collect$$libshutdown$$0000000A)
    .ARM.Collect$$libshutdown$$0000000C      0x0800019a   Section        0  libshutdown2.o(.ARM.Collect$$libshutdown$$0000000C)
    .ARM.Collect$$libshutdown$$0000000F      0x0800019a   Section        0  libshutdown2.o(.ARM.Collect$$libshutdown$$0000000F)
    .ARM.Collect$$libshutdown$$00000010      0x0800019a   Section        2  libshutdown2.o(.ARM.Collect$$libshutdown$$00000010)
    .ARM.Collect$$rtentry$$00000000          0x0800019c   Section        0  __rtentry.o(.ARM.Collect$$rtentry$$00000000)
    .ARM.Collect$$rtentry$$00000002          0x0800019c   Section        0  __rtentry2.o(.ARM.Collect$$rtentry$$00000002)
    .ARM.Collect$$rtentry$$00000004          0x0800019c   Section        6  __rtentry4.o(.ARM.Collect$$rtentry$$00000004)
    .ARM.Collect$$rtentry$$00000009          0x080001a2   Section        0  __rtentry2.o(.ARM.Collect$$rtentry$$00000009)
    .ARM.Collect$$rtentry$$0000000A          0x080001a2   Section        4  __rtentry2.o(.ARM.Collect$$rtentry$$0000000A)
    .ARM.Collect$$rtentry$$0000000C          0x080001a6   Section        0  __rtentry2.o(.ARM.Collect$$rtentry$$0000000C)
    .ARM.Collect$$rtentry$$0000000D          0x080001a6   Section        8  __rtentry2.o(.ARM.Collect$$rtentry$$0000000D)
    .ARM.Collect$$rtexit$$00000000           0x080001ae   Section        2  rtexit.o(.ARM.Collect$$rtexit$$00000000)
    .ARM.Collect$$rtexit$$00000002           0x080001b0   Section        0  rtexit2.o(.ARM.Collect$$rtexit$$00000002)
    .ARM.Collect$$rtexit$$00000003           0x080001b0   Section        4  rtexit2.o(.ARM.Collect$$rtexit$$00000003)
    .ARM.Collect$$rtexit$$00000004           0x080001b4   Section        6  rtexit2.o(.ARM.Collect$$rtexit$$00000004)
    .text                                    0x080001bc   Section       64  startup_stm32f10x_md_vl.o(.text)
    .text                                    0x080001fc   Section        0  heapauxi.o(.text)
    .text                                    0x08000202   Section       74  sys_stackheap_outer.o(.text)
    .text                                    0x0800024c   Section        0  exit.o(.text)
    .text                                    0x08000260   Section        8  libspace.o(.text)
    .text                                    0x08000268   Section        0  sys_exit.o(.text)
    .text                                    0x08000274   Section        2  use_no_semi.o(.text)
    .text                                    0x08000276   Section        0  indicate_semi.o(.text)
    i.DMA1_Channel1_Event                    0x08000276   Section        0  dma_stm32f10x.o(i.DMA1_Channel1_Event)
    i.DMA1_Channel1_IRQHandler               0x08000278   Section        0  dma_stm32f10x.o(i.DMA1_Channel1_IRQHandler)
    i.DMA1_Channel2_Event                    0x08000294   Section        0  dma_stm32f10x.o(i.DMA1_Channel2_Event)
    i.DMA1_Channel2_IRQHandler               0x08000298   Section        0  dma_stm32f10x.o(i.DMA1_Channel2_IRQHandler)
    i.DMA1_Channel3_Event                    0x080002b4   Section        0  dma_stm32f10x.o(i.DMA1_Channel3_Event)
    i.DMA1_Channel3_IRQHandler               0x080002b8   Section        0  dma_stm32f10x.o(i.DMA1_Channel3_IRQHandler)
    i.DMA1_Channel4_Event                    0x080002d4   Section        0  dma_stm32f10x.o(i.DMA1_Channel4_Event)
    i.DMA1_Channel4_IRQHandler               0x080002d8   Section        0  dma_stm32f10x.o(i.DMA1_Channel4_IRQHandler)
    i.DMA1_Channel5_Event                    0x080002f4   Section        0  dma_stm32f10x.o(i.DMA1_Channel5_Event)
    i.DMA1_Channel5_IRQHandler               0x080002f8   Section        0  dma_stm32f10x.o(i.DMA1_Channel5_IRQHandler)
    i.DMA1_Channel6_Event                    0x08000314   Section        0  dma_stm32f10x.o(i.DMA1_Channel6_Event)
    i.DMA1_Channel6_IRQHandler               0x08000318   Section        0  dma_stm32f10x.o(i.DMA1_Channel6_IRQHandler)
    i.DMA1_Channel7_Event                    0x08000334   Section        0  dma_stm32f10x.o(i.DMA1_Channel7_Event)
    i.DMA1_Channel7_IRQHandler               0x08000338   Section        0  dma_stm32f10x.o(i.DMA1_Channel7_IRQHandler)
    i.GPIOs_ini                              0x08000354   Section        0  gpios.o(i.GPIOs_ini)
    i.SetSysClock                            0x080003bc   Section        0  system_stm32f10x.o(i.SetSysClock)
    SetSysClock                              0x080003bd   Thumb Code     8  system_stm32f10x.o(i.SetSysClock)
    i.SetSysClockTo24                        0x080003c4   Section        0  system_stm32f10x.o(i.SetSysClockTo24)
    SetSysClockTo24                          0x080003c5   Thumb Code   178  system_stm32f10x.o(i.SetSysClockTo24)
    i.SystemInit                             0x0800047c   Section        0  system_stm32f10x.o(i.SystemInit)
    i.USART3_IRQHandler                      0x080004e0   Section        0  main.o(i.USART3_IRQHandler)
    i.USART3_ini                             0x080004f4   Section        0  usart.o(i.USART3_ini)
    i.delay_ms                               0x0800056c   Section        0  util.o(i.delay_ms)
    i.getByte_U3                             0x08000598   Section        0  usart.o(i.getByte_U3)
    i.indicator_on                           0x080005b4   Section        0  gpios.o(i.indicator_on)
    i.initialization                         0x080005c8   Section        0  operation_index.o(i.initialization)
    i.main                                   0x08000774   Section        0  main.o(i.main)
    i.motor1_on                              0x08000790   Section        0  operation_index.o(i.motor1_on)
    i.motor2_on                              0x080007b8   Section        0  operation_index.o(i.motor2_on)
    i.motor_on                               0x080007e0   Section        0  operation_index.o(i.motor_on)
    i.operation_armBwd                       0x080007fc   Section        0  operation_index.o(i.operation_armBwd)
    i.operation_armFwd                       0x08000844   Section        0  operation_index.o(i.operation_armFwd)
    i.operation_armStop                      0x0800088c   Section        0  operation_index.o(i.operation_armStop)
    i.operation_arm_mvbwd_5_deg              0x080008a0   Section        0  operation_index.o(i.operation_arm_mvbwd_5_deg)
    i.operation_arm_mvfwd_5_deg              0x080008f0   Section        0  operation_index.o(i.operation_arm_mvfwd_5_deg)
    i.operation_bwd                          0x08000938   Section        0  operation_index.o(i.operation_bwd)
    i.operation_clampGet                     0x08000964   Section        0  operation_index.o(i.operation_clampGet)
    i.operation_clampLease                   0x080009a4   Section        0  operation_index.o(i.operation_clampLease)
    i.operation_clampStop                    0x080009e4   Section        0  operation_index.o(i.operation_clampStop)
    i.operation_fwd                          0x080009f8   Section        0  operation_index.o(i.operation_fwd)
    i.operation_rotate_arm_left              0x08000a24   Section        0  operation_index.o(i.operation_rotate_arm_left)
    i.operation_rotate_arm_left_10deg        0x08000a64   Section        0  operation_index.o(i.operation_rotate_arm_left_10deg)
    i.operation_rotate_arm_right             0x08000aa4   Section        0  operation_index.o(i.operation_rotate_arm_right)
    i.operation_rotate_arm_right_10deg       0x08000ae4   Section        0  operation_index.o(i.operation_rotate_arm_right_10deg)
    i.operation_rotate_clamp_left            0x08000b24   Section        0  operation_index.o(i.operation_rotate_clamp_left)
    i.operation_rotate_clamp_right           0x08000b70   Section        0  operation_index.o(i.operation_rotate_clamp_right)
    i.operation_subarmBwd                    0x08000bbc   Section        0  operation_index.o(i.operation_subarmBwd)
    i.operation_subarmFwd                    0x08000c18   Section        0  operation_index.o(i.operation_subarmFwd)
    i.operation_subarm_mvbwd_5_deg           0x08000c74   Section        0  operation_index.o(i.operation_subarm_mvbwd_5_deg)
    i.operation_subarm_mvfwd_5_deg           0x08000cb4   Section        0  operation_index.o(i.operation_subarm_mvfwd_5_deg)
    i.operation_third_acceleration           0x08000cf4   Section        0  operation_index.o(i.operation_third_acceleration)
    i.operation_turnLeft                     0x08000d00   Section        0  operation_index.o(i.operation_turnLeft)
    i.operation_turnRight                    0x08000d2c   Section        0  operation_index.o(i.operation_turnRight)
    i.opreation_second_acceleration          0x08000d58   Section        0  operation_index.o(i.opreation_second_acceleration)
    i.opreation_wheel_stop                   0x08000d64   Section        0  operation_index.o(i.opreation_wheel_stop)
    i.process                                0x08000d78   Section        0  command.o(i.process)
    i.setTim1                                0x08000e78   Section        0  timer.o(i.setTim1)
    i.setTim3                                0x08000f50   Section        0  timer.o(i.setTim3)
    i.setTim4                                0x08001084   Section        0  timer.o(i.setTim4)
    i.setupClock                             0x080011b4   Section        0  clock.o(i.setupClock)
    x$fpl$fcmpinf                            0x080011e0   Section       24  fcmpi.o(x$fpl$fcmpinf)
    x$fpl$fflt                               0x080011f8   Section       48  fflt_clz.o(x$fpl$fflt)
    x$fpl$fleqf                              0x08001228   Section      104  fleqf.o(x$fpl$fleqf)
    x$fpl$fmul                               0x08001290   Section      258  fmul.o(x$fpl$fmul)
    x$fpl$fnaninf                            0x08001392   Section      140  fnaninf.o(x$fpl$fnaninf)
    x$fpl$fretinf                            0x0800141e   Section       10  fretinf.o(x$fpl$fretinf)
    x$fpl$usenofp                            0x08001428   Section        0  usenofp.o(x$fpl$usenofp)
    .data                                    0x20000000   Section       10  operation_index.o(.data)
    .bss                                     0x2000000c   Section       96  libspace.o(.bss)
    HEAP                                     0x20000070   Section      512  startup_stm32f10x_md_vl.o(HEAP)
    Heap_Mem                                 0x20000070   Data         512  startup_stm32f10x_md_vl.o(HEAP)
    STACK                                    0x20000270   Section     1024  startup_stm32f10x_md_vl.o(STACK)
    Stack_Mem                                0x20000270   Data        1024  startup_stm32f10x_md_vl.o(STACK)
    __initial_sp                             0x20000670   Data           0  startup_stm32f10x_md_vl.o(STACK)

    Global Symbols

    Symbol Name                              Value     Ov Type        Size  Object(Section)

    BuildAttributes$$THM_ISAv4$P$D$K$B$S$PE$A:L22UL41UL21$X:L11$S22US41US21$IEEE1$IW$USESV6$~STKCKD$USESV7$~SHL$OSPACE$ROPI$EBA8$UX$STANDARDLIB$REQ8$PRES8$EABIv2 0x00000000   Number         0  anon$$obj.o ABSOLUTE
    __ARM_use_no_argv                        0x00000000   Number         0  main.o ABSOLUTE
    __ARM_exceptions_init                     - Undefined Weak Reference
    __alloca_initialize                       - Undefined Weak Reference
    __arm_preinit_                            - Undefined Weak Reference
    __cpp_initialize__aeabi_                  - Undefined Weak Reference
    __cxa_finalize                            - Undefined Weak Reference
    __rt_locale                               - Undefined Weak Reference
    __sigvec_lookup                           - Undefined Weak Reference
    _atexit_init                              - Undefined Weak Reference
    _call_atexit_fns                          - Undefined Weak Reference
    _clock_init                               - Undefined Weak Reference
    _fp_trap_init                             - Undefined Weak Reference
    _fp_trap_shutdown                         - Undefined Weak Reference
    _get_lc_collate                           - Undefined Weak Reference
    _get_lc_ctype                             - Undefined Weak Reference
    _get_lc_monetary                          - Undefined Weak Reference
    _get_lc_numeric                           - Undefined Weak Reference
    _get_lc_time                              - Undefined Weak Reference
    _getenv_init                              - Undefined Weak Reference
    _handle_redirection                       - Undefined Weak Reference
    _init_alloc                               - Undefined Weak Reference
    _init_user_alloc                          - Undefined Weak Reference
    _initio                                   - Undefined Weak Reference
    _rand_init                                - Undefined Weak Reference
    _signal_finish                            - Undefined Weak Reference
    _signal_init                              - Undefined Weak Reference
    _terminate_alloc                          - Undefined Weak Reference
    _terminate_user_alloc                     - Undefined Weak Reference
    _terminateio                              - Undefined Weak Reference
    __Vectors_Size                           0x00000120   Number         0  startup_stm32f10x_md_vl.o ABSOLUTE
    __Vectors                                0x08000000   Data           4  startup_stm32f10x_md_vl.o(RESET)
    __Vectors_End                            0x08000120   Data           0  startup_stm32f10x_md_vl.o(RESET)
    __main                                   0x08000121   Thumb Code     8  __main.o(!!!main)
    __scatterload                            0x08000129   Thumb Code     0  __scatter.o(!!!scatter)
    __scatterload_rt2                        0x08000129   Thumb Code    44  __scatter.o(!!!scatter)
    __scatterload_rt2_thumb_only             0x08000129   Thumb Code     0  __scatter.o(!!!scatter)
    __scatterload_null                       0x08000137   Thumb Code     0  __scatter.o(!!!scatter)
    __scatterload_copy                       0x0800015d   Thumb Code    26  __scatter_copy.o(!!handler_copy)
    __scatterload_zeroinit                   0x08000179   Thumb Code    28  __scatter_zi.o(!!handler_zi)
    __rt_lib_init                            0x08000195   Thumb Code     0  libinit.o(.ARM.Collect$$libinit$$00000000)
    __rt_lib_init_alloca_1                   0x08000197   Thumb Code     0  libinit2.o(.ARM.Collect$$libinit$$0000002E)
    __rt_lib_init_argv_1                     0x08000197   Thumb Code     0  libinit2.o(.ARM.Collect$$libinit$$0000002C)
    __rt_lib_init_atexit_1                   0x08000197   Thumb Code     0  libinit2.o(.ARM.Collect$$libinit$$0000001B)
    __rt_lib_init_clock_1                    0x08000197   Thumb Code     0  libinit2.o(.ARM.Collect$$libinit$$00000021)
    __rt_lib_init_cpp_1                      0x08000197   Thumb Code     0  libinit2.o(.ARM.Collect$$libinit$$00000032)
    __rt_lib_init_exceptions_1               0x08000197   Thumb Code     0  libinit2.o(.ARM.Collect$$libinit$$00000030)
    __rt_lib_init_fp_1                       0x08000197   Thumb Code     0  libinit2.o(.ARM.Collect$$libinit$$00000002)
    __rt_lib_init_fp_trap_1                  0x08000197   Thumb Code     0  libinit2.o(.ARM.Collect$$libinit$$0000001F)
    __rt_lib_init_getenv_1                   0x08000197   Thumb Code     0  libinit2.o(.ARM.Collect$$libinit$$00000023)
    __rt_lib_init_heap_1                     0x08000197   Thumb Code     0  libinit2.o(.ARM.Collect$$libinit$$0000000A)
    __rt_lib_init_lc_collate_1               0x08000197   Thumb Code     0  libinit2.o(.ARM.Collect$$libinit$$00000011)
    __rt_lib_init_lc_ctype_1                 0x08000197   Thumb Code     0  libinit2.o(.ARM.Collect$$libinit$$00000013)
    __rt_lib_init_lc_monetary_1              0x08000197   Thumb Code     0  libinit2.o(.ARM.Collect$$libinit$$00000015)
    __rt_lib_init_lc_numeric_1               0x08000197   Thumb Code     0  libinit2.o(.ARM.Collect$$libinit$$00000017)
    __rt_lib_init_lc_time_1                  0x08000197   Thumb Code     0  libinit2.o(.ARM.Collect$$libinit$$00000019)
    __rt_lib_init_preinit_1                  0x08000197   Thumb Code     0  libinit2.o(.ARM.Collect$$libinit$$00000004)
    __rt_lib_init_rand_1                     0x08000197   Thumb Code     0  libinit2.o(.ARM.Collect$$libinit$$0000000E)
    __rt_lib_init_return                     0x08000197   Thumb Code     0  libinit2.o(.ARM.Collect$$libinit$$00000033)
    __rt_lib_init_signal_1                   0x08000197   Thumb Code     0  libinit2.o(.ARM.Collect$$libinit$$0000001D)
    __rt_lib_init_stdio_1                    0x08000197   Thumb Code     0  libinit2.o(.ARM.Collect$$libinit$$00000025)
    __rt_lib_init_user_alloc_1               0x08000197   Thumb Code     0  libinit2.o(.ARM.Collect$$libinit$$0000000C)
    __rt_lib_shutdown                        0x08000199   Thumb Code     0  libshutdown.o(.ARM.Collect$$libshutdown$$00000000)
    __rt_lib_shutdown_cpp_1                  0x0800019b   Thumb Code     0  libshutdown2.o(.ARM.Collect$$libshutdown$$00000002)
    __rt_lib_shutdown_fp_trap_1              0x0800019b   Thumb Code     0  libshutdown2.o(.ARM.Collect$$libshutdown$$00000007)
    __rt_lib_shutdown_heap_1                 0x0800019b   Thumb Code     0  libshutdown2.o(.ARM.Collect$$libshutdown$$0000000F)
    __rt_lib_shutdown_return                 0x0800019b   Thumb Code     0  libshutdown2.o(.ARM.Collect$$libshutdown$$00000010)
    __rt_lib_shutdown_signal_1               0x0800019b   Thumb Code     0  libshutdown2.o(.ARM.Collect$$libshutdown$$0000000A)
    __rt_lib_shutdown_stdio_1                0x0800019b   Thumb Code     0  libshutdown2.o(.ARM.Collect$$libshutdown$$00000004)
    __rt_lib_shutdown_user_alloc_1           0x0800019b   Thumb Code     0  libshutdown2.o(.ARM.Collect$$libshutdown$$0000000C)
    __rt_entry                               0x0800019d   Thumb Code     0  __rtentry.o(.ARM.Collect$$rtentry$$00000000)
    __rt_entry_presh_1                       0x0800019d   Thumb Code     0  __rtentry2.o(.ARM.Collect$$rtentry$$00000002)
    __rt_entry_sh                            0x0800019d   Thumb Code     0  __rtentry4.o(.ARM.Collect$$rtentry$$00000004)
    __rt_entry_li                            0x080001a3   Thumb Code     0  __rtentry2.o(.ARM.Collect$$rtentry$$0000000A)
    __rt_entry_postsh_1                      0x080001a3   Thumb Code     0  __rtentry2.o(.ARM.Collect$$rtentry$$00000009)
    __rt_entry_main                          0x080001a7   Thumb Code     0  __rtentry2.o(.ARM.Collect$$rtentry$$0000000D)
    __rt_entry_postli_1                      0x080001a7   Thumb Code     0  __rtentry2.o(.ARM.Collect$$rtentry$$0000000C)
    __rt_exit                                0x080001af   Thumb Code     0  rtexit.o(.ARM.Collect$$rtexit$$00000000)
    __rt_exit_ls                             0x080001b1   Thumb Code     0  rtexit2.o(.ARM.Collect$$rtexit$$00000003)
    __rt_exit_prels_1                        0x080001b1   Thumb Code     0  rtexit2.o(.ARM.Collect$$rtexit$$00000002)
    __rt_exit_exit                           0x080001b5   Thumb Code     0  rtexit2.o(.ARM.Collect$$rtexit$$00000004)
    Reset_Handler                            0x080001bd   Thumb Code     8  startup_stm32f10x_md_vl.o(.text)
    NMI_Handler                              0x080001c5   Thumb Code     2  startup_stm32f10x_md_vl.o(.text)
    HardFault_Handler                        0x080001c7   Thumb Code     2  startup_stm32f10x_md_vl.o(.text)
    MemManage_Handler                        0x080001c9   Thumb Code     2  startup_stm32f10x_md_vl.o(.text)
    BusFault_Handler                         0x080001cb   Thumb Code     2  startup_stm32f10x_md_vl.o(.text)
    UsageFault_Handler                       0x080001cd   Thumb Code     2  startup_stm32f10x_md_vl.o(.text)
    SVC_Handler                              0x080001cf   Thumb Code     2  startup_stm32f10x_md_vl.o(.text)
    DebugMon_Handler                         0x080001d1   Thumb Code     2  startup_stm32f10x_md_vl.o(.text)
    PendSV_Handler                           0x080001d3   Thumb Code     2  startup_stm32f10x_md_vl.o(.text)
    SysTick_Handler                          0x080001d5   Thumb Code     2  startup_stm32f10x_md_vl.o(.text)
    ADC1_IRQHandler                          0x080001d7   Thumb Code     0  startup_stm32f10x_md_vl.o(.text)
    CEC_IRQHandler                           0x080001d7   Thumb Code     0  startup_stm32f10x_md_vl.o(.text)
    EXTI0_IRQHandler                         0x080001d7   Thumb Code     0  startup_stm32f10x_md_vl.o(.text)
    EXTI15_10_IRQHandler                     0x080001d7   Thumb Code     0  startup_stm32f10x_md_vl.o(.text)
    EXTI1_IRQHandler                         0x080001d7   Thumb Code     0  startup_stm32f10x_md_vl.o(.text)
    EXTI2_IRQHandler                         0x080001d7   Thumb Code     0  startup_stm32f10x_md_vl.o(.text)
    EXTI3_IRQHandler                         0x080001d7   Thumb Code     0  startup_stm32f10x_md_vl.o(.text)
    EXTI4_IRQHandler                         0x080001d7   Thumb Code     0  startup_stm32f10x_md_vl.o(.text)
    EXTI9_5_IRQHandler                       0x080001d7   Thumb Code     0  startup_stm32f10x_md_vl.o(.text)
    FLASH_IRQHandler                         0x080001d7   Thumb Code     0  startup_stm32f10x_md_vl.o(.text)
    I2C1_ER_IRQHandler                       0x080001d7   Thumb Code     0  startup_stm32f10x_md_vl.o(.text)
    I2C1_EV_IRQHandler                       0x080001d7   Thumb Code     0  startup_stm32f10x_md_vl.o(.text)
    I2C2_ER_IRQHandler                       0x080001d7   Thumb Code     0  startup_stm32f10x_md_vl.o(.text)
    I2C2_EV_IRQHandler                       0x080001d7   Thumb Code     0  startup_stm32f10x_md_vl.o(.text)
    PVD_IRQHandler                           0x080001d7   Thumb Code     0  startup_stm32f10x_md_vl.o(.text)
    RCC_IRQHandler                           0x080001d7   Thumb Code     0  startup_stm32f10x_md_vl.o(.text)
    RTCAlarm_IRQHandler                      0x080001d7   Thumb Code     0  startup_stm32f10x_md_vl.o(.text)
    RTC_IRQHandler                           0x080001d7   Thumb Code     0  startup_stm32f10x_md_vl.o(.text)
    SPI1_IRQHandler                          0x080001d7   Thumb Code     0  startup_stm32f10x_md_vl.o(.text)
    SPI2_IRQHandler                          0x080001d7   Thumb Code     0  startup_stm32f10x_md_vl.o(.text)
    TAMPER_IRQHandler                        0x080001d7   Thumb Code     0  startup_stm32f10x_md_vl.o(.text)
    TIM1_BRK_TIM15_IRQHandler                0x080001d7   Thumb Code     0  startup_stm32f10x_md_vl.o(.text)
    TIM1_CC_IRQHandler                       0x080001d7   Thumb Code     0  startup_stm32f10x_md_vl.o(.text)
    TIM1_TRG_COM_TIM17_IRQHandler            0x080001d7   Thumb Code     0  startup_stm32f10x_md_vl.o(.text)
    TIM1_UP_TIM16_IRQHandler                 0x080001d7   Thumb Code     0  startup_stm32f10x_md_vl.o(.text)
    TIM2_IRQHandler                          0x080001d7   Thumb Code     0  startup_stm32f10x_md_vl.o(.text)
    TIM3_IRQHandler                          0x080001d7   Thumb Code     0  startup_stm32f10x_md_vl.o(.text)
    TIM4_IRQHandler                          0x080001d7   Thumb Code     0  startup_stm32f10x_md_vl.o(.text)
    TIM6_DAC_IRQHandler                      0x080001d7   Thumb Code     0  startup_stm32f10x_md_vl.o(.text)
    TIM7_IRQHandler                          0x080001d7   Thumb Code     0  startup_stm32f10x_md_vl.o(.text)
    USART1_IRQHandler                        0x080001d7   Thumb Code     0  startup_stm32f10x_md_vl.o(.text)
    USART2_IRQHandler                        0x080001d7   Thumb Code     0  startup_stm32f10x_md_vl.o(.text)
    WWDG_IRQHandler                          0x080001d7   Thumb Code     0  startup_stm32f10x_md_vl.o(.text)
    __user_initial_stackheap                 0x080001d9   Thumb Code     0  startup_stm32f10x_md_vl.o(.text)
    __use_two_region_memory                  0x080001fd   Thumb Code     2  heapauxi.o(.text)
    __rt_heap_escrow$2region                 0x080001ff   Thumb Code     2  heapauxi.o(.text)
    __rt_heap_expand$2region                 0x08000201   Thumb Code     2  heapauxi.o(.text)
    __user_setup_stackheap                   0x08000203   Thumb Code    74  sys_stackheap_outer.o(.text)
    exit                                     0x0800024d   Thumb Code    18  exit.o(.text)
    __user_libspace                          0x08000261   Thumb Code     8  libspace.o(.text)
    __user_perproc_libspace                  0x08000261   Thumb Code     0  libspace.o(.text)
    __user_perthread_libspace                0x08000261   Thumb Code     0  libspace.o(.text)
    _sys_exit                                0x08000269   Thumb Code     8  sys_exit.o(.text)
    __I$use$semihosting                      0x08000275   Thumb Code     0  use_no_semi.o(.text)
    __use_no_semihosting_swi                 0x08000275   Thumb Code     2  use_no_semi.o(.text)
    DMA1_Channel1_Event                      0x08000277   Thumb Code     2  dma_stm32f10x.o(i.DMA1_Channel1_Event)
    __semihosting_library_function           0x08000277   Thumb Code     0  indicate_semi.o(.text)
    DMA1_Channel1_IRQHandler                 0x08000279   Thumb Code    22  dma_stm32f10x.o(i.DMA1_Channel1_IRQHandler)
    DMA1_Channel2_Event                      0x08000295   Thumb Code     2  dma_stm32f10x.o(i.DMA1_Channel2_Event)
    DMA1_Channel2_IRQHandler                 0x08000299   Thumb Code    24  dma_stm32f10x.o(i.DMA1_Channel2_IRQHandler)
    DMA1_Channel3_Event                      0x080002b5   Thumb Code     2  dma_stm32f10x.o(i.DMA1_Channel3_Event)
    DMA1_Channel3_IRQHandler                 0x080002b9   Thumb Code    24  dma_stm32f10x.o(i.DMA1_Channel3_IRQHandler)
    DMA1_Channel4_Event                      0x080002d5   Thumb Code     2  dma_stm32f10x.o(i.DMA1_Channel4_Event)
    DMA1_Channel4_IRQHandler                 0x080002d9   Thumb Code    24  dma_stm32f10x.o(i.DMA1_Channel4_IRQHandler)
    DMA1_Channel5_Event                      0x080002f5   Thumb Code     2  dma_stm32f10x.o(i.DMA1_Channel5_Event)
    DMA1_Channel5_IRQHandler                 0x080002f9   Thumb Code    24  dma_stm32f10x.o(i.DMA1_Channel5_IRQHandler)
    DMA1_Channel6_Event                      0x08000315   Thumb Code     2  dma_stm32f10x.o(i.DMA1_Channel6_Event)
    DMA1_Channel6_IRQHandler                 0x08000319   Thumb Code    24  dma_stm32f10x.o(i.DMA1_Channel6_IRQHandler)
    DMA1_Channel7_Event                      0x08000335   Thumb Code     2  dma_stm32f10x.o(i.DMA1_Channel7_Event)
    DMA1_Channel7_IRQHandler                 0x08000339   Thumb Code    24  dma_stm32f10x.o(i.DMA1_Channel7_IRQHandler)
    GPIOs_ini                                0x08000355   Thumb Code    90  gpios.o(i.GPIOs_ini)
    SystemInit                               0x0800047d   Thumb Code    82  system_stm32f10x.o(i.SystemInit)
    USART3_IRQHandler                        0x080004e1   Thumb Code    20  main.o(i.USART3_IRQHandler)
    USART3_ini                               0x080004f5   Thumb Code    98  usart.o(i.USART3_ini)
    delay_ms                                 0x0800056d   Thumb Code    38  util.o(i.delay_ms)
    getByte_U3                               0x08000599   Thumb Code    24  usart.o(i.getByte_U3)
    indicator_on                             0x080005b5   Thumb Code    14  gpios.o(i.indicator_on)
    initialization                           0x080005c9   Thumb Code   396  operation_index.o(i.initialization)
    main                                     0x08000775   Thumb Code    28  main.o(i.main)
    motor1_on                                0x08000791   Thumb Code    34  operation_index.o(i.motor1_on)
    motor2_on                                0x080007b9   Thumb Code    34  operation_index.o(i.motor2_on)
    motor_on                                 0x080007e1   Thumb Code    24  operation_index.o(i.motor_on)
    operation_armBwd                         0x080007fd   Thumb Code    60  operation_index.o(i.operation_armBwd)
    operation_armFwd                         0x08000845   Thumb Code    60  operation_index.o(i.operation_armFwd)
    operation_armStop                        0x0800088d   Thumb Code    14  operation_index.o(i.operation_armStop)
    operation_arm_mvbwd_5_deg                0x080008a1   Thumb Code    66  operation_index.o(i.operation_arm_mvbwd_5_deg)
    operation_arm_mvfwd_5_deg                0x080008f1   Thumb Code    60  operation_index.o(i.operation_arm_mvfwd_5_deg)
    operation_bwd                            0x08000939   Thumb Code    38  operation_index.o(i.operation_bwd)
    operation_clampGet                       0x08000965   Thumb Code    52  operation_index.o(i.operation_clampGet)
    operation_clampLease                     0x080009a5   Thumb Code    52  operation_index.o(i.operation_clampLease)
    operation_clampStop                      0x080009e5   Thumb Code    14  operation_index.o(i.operation_clampStop)
    operation_fwd                            0x080009f9   Thumb Code    38  operation_index.o(i.operation_fwd)
    operation_rotate_arm_left                0x08000a25   Thumb Code    52  operation_index.o(i.operation_rotate_arm_left)
    operation_rotate_arm_left_10deg          0x08000a65   Thumb Code    50  operation_index.o(i.operation_rotate_arm_left_10deg)
    operation_rotate_arm_right               0x08000aa5   Thumb Code    52  operation_index.o(i.operation_rotate_arm_right)
    operation_rotate_arm_right_10deg         0x08000ae5   Thumb Code    50  operation_index.o(i.operation_rotate_arm_right_10deg)
    operation_rotate_clamp_left              0x08000b25   Thumb Code    60  operation_index.o(i.operation_rotate_clamp_left)
    operation_rotate_clamp_right             0x08000b71   Thumb Code    60  operation_index.o(i.operation_rotate_clamp_right)
    operation_subarmBwd                      0x08000bbd   Thumb Code    78  operation_index.o(i.operation_subarmBwd)
    operation_subarmFwd                      0x08000c19   Thumb Code    78  operation_index.o(i.operation_subarmFwd)
    operation_subarm_mvbwd_5_deg             0x08000c75   Thumb Code    50  operation_index.o(i.operation_subarm_mvbwd_5_deg)
    operation_subarm_mvfwd_5_deg             0x08000cb5   Thumb Code    50  operation_index.o(i.operation_subarm_mvfwd_5_deg)
    operation_third_acceleration             0x08000cf5   Thumb Code     8  operation_index.o(i.operation_third_acceleration)
    operation_turnLeft                       0x08000d01   Thumb Code    38  operation_index.o(i.operation_turnLeft)
    operation_turnRight                      0x08000d2d   Thumb Code    38  operation_index.o(i.operation_turnRight)
    opreation_second_acceleration            0x08000d59   Thumb Code     8  operation_index.o(i.opreation_second_acceleration)
    opreation_wheel_stop                     0x08000d65   Thumb Code    14  operation_index.o(i.opreation_wheel_stop)
    process                                  0x08000d79   Thumb Code   256  command.o(i.process)
    setTim1                                  0x08000e79   Thumb Code   204  timer.o(i.setTim1)
    setTim3                                  0x08000f51   Thumb Code   290  timer.o(i.setTim3)
    setTim4                                  0x08001085   Thumb Code   290  timer.o(i.setTim4)
    setupClock                               0x080011b5   Thumb Code    30  clock.o(i.setupClock)
    __fpl_fcmp_Inf                           0x080011e1   Thumb Code    24  fcmpi.o(x$fpl$fcmpinf)
    __aeabi_i2f                              0x080011f9   Thumb Code     0  fflt_clz.o(x$fpl$fflt)
    _fflt                                    0x080011f9   Thumb Code    48  fflt_clz.o(x$fpl$fflt)
    __aeabi_cfcmple                          0x08001229   Thumb Code     0  fleqf.o(x$fpl$fleqf)
    _fcmple                                  0x08001229   Thumb Code   104  fleqf.o(x$fpl$fleqf)
    __fpl_fcmple_InfNaN                      0x0800127b   Thumb Code     0  fleqf.o(x$fpl$fleqf)
    __aeabi_fmul                             0x08001291   Thumb Code     0  fmul.o(x$fpl$fmul)
    _fmul                                    0x08001291   Thumb Code   258  fmul.o(x$fpl$fmul)
    __fpl_fnaninf                            0x08001393   Thumb Code   140  fnaninf.o(x$fpl$fnaninf)
    __fpl_fretinf                            0x0800141f   Thumb Code    10  fretinf.o(x$fpl$fretinf)
    Region$$Table$$Base                      0x08001428   Number         0  anon$$obj.o(Region$$Table)
    __I$use$fp                               0x08001428   Number         0  usenofp.o(x$fpl$usenofp)
    Region$$Table$$Limit                     0x08001448   Number         0  anon$$obj.o(Region$$Table)
    main_arm_mvm_signal                      0x20000000   Data           2  operation_index.o(.data)
    sub_arm_mvm_signal                       0x20000002   Data           2  operation_index.o(.data)
    clamp_mvm_signal                         0x20000004   Data           2  operation_index.o(.data)
    arm_rotate_signal                        0x20000006   Data           2  operation_index.o(.data)
    clamp_rotate_signal                      0x20000008   Data           2  operation_index.o(.data)
    __libspace_start                         0x2000000c   Data          96  libspace.o(.bss)
    __temporary_stack_top$libspace           0x2000006c   Data           0  libspace.o(.bss)



==============================================================================

Memory Map of the image

  Image Entry point : 0x080001bd

  Load Region LR_1 (Base: 0x08000000, Size: 0x00001454, Max: 0xffffffff, ABSOLUTE)

    Execution Region ER_RO (Exec base: 0x08000000, Load base: 0x08000000, Size: 0x00001448, Max: 0xffffffff, ABSOLUTE)

    Exec Addr    Load Addr    Size         Type   Attr      Idx    E Section Name        Object

    0x08000000   0x08000000   0x00000120   Data   RO          683    RESET               startup_stm32f10x_md_vl.o
    0x08000120   0x08000120   0x00000008   Code   RO          738  * !!!main             c_w.l(__main.o)
    0x08000128   0x08000128   0x00000034   Code   RO          912    !!!scatter          c_w.l(__scatter.o)
    0x0800015c   0x0800015c   0x0000001a   Code   RO          914    !!handler_copy      c_w.l(__scatter_copy.o)
    0x08000176   0x08000176   0x00000002   PAD
    0x08000178   0x08000178   0x0000001c   Code   RO          916    !!handler_zi        c_w.l(__scatter_zi.o)
    0x08000194   0x08000194   0x00000002   Code   RO          782    .ARM.Collect$$libinit$$00000000  c_w.l(libinit.o)
    0x08000196   0x08000196   0x00000000   Code   RO          789    .ARM.Collect$$libinit$$00000002  c_w.l(libinit2.o)
    0x08000196   0x08000196   0x00000000   Code   RO          791    .ARM.Collect$$libinit$$00000004  c_w.l(libinit2.o)
    0x08000196   0x08000196   0x00000000   Code   RO          794    .ARM.Collect$$libinit$$0000000A  c_w.l(libinit2.o)
    0x08000196   0x08000196   0x00000000   Code   RO          796    .ARM.Collect$$libinit$$0000000C  c_w.l(libinit2.o)
    0x08000196   0x08000196   0x00000000   Code   RO          798    .ARM.Collect$$libinit$$0000000E  c_w.l(libinit2.o)
    0x08000196   0x08000196   0x00000000   Code   RO          801    .ARM.Collect$$libinit$$00000011  c_w.l(libinit2.o)
    0x08000196   0x08000196   0x00000000   Code   RO          803    .ARM.Collect$$libinit$$00000013  c_w.l(libinit2.o)
    0x08000196   0x08000196   0x00000000   Code   RO          805    .ARM.Collect$$libinit$$00000015  c_w.l(libinit2.o)
    0x08000196   0x08000196   0x00000000   Code   RO          807    .ARM.Collect$$libinit$$00000017  c_w.l(libinit2.o)
    0x08000196   0x08000196   0x00000000   Code   RO          809    .ARM.Collect$$libinit$$00000019  c_w.l(libinit2.o)
    0x08000196   0x08000196   0x00000000   Code   RO          811    .ARM.Collect$$libinit$$0000001B  c_w.l(libinit2.o)
    0x08000196   0x08000196   0x00000000   Code   RO          813    .ARM.Collect$$libinit$$0000001D  c_w.l(libinit2.o)
    0x08000196   0x08000196   0x00000000   Code   RO          815    .ARM.Collect$$libinit$$0000001F  c_w.l(libinit2.o)
    0x08000196   0x08000196   0x00000000   Code   RO          817    .ARM.Collect$$libinit$$00000021  c_w.l(libinit2.o)
    0x08000196   0x08000196   0x00000000   Code   RO          819    .ARM.Collect$$libinit$$00000023  c_w.l(libinit2.o)
    0x08000196   0x08000196   0x00000000   Code   RO          821    .ARM.Collect$$libinit$$00000025  c_w.l(libinit2.o)
    0x08000196   0x08000196   0x00000000   Code   RO          825    .ARM.Collect$$libinit$$0000002C  c_w.l(libinit2.o)
    0x08000196   0x08000196   0x00000000   Code   RO          827    .ARM.Collect$$libinit$$0000002E  c_w.l(libinit2.o)
    0x08000196   0x08000196   0x00000000   Code   RO          829    .ARM.Collect$$libinit$$00000030  c_w.l(libinit2.o)
    0x08000196   0x08000196   0x00000000   Code   RO          831    .ARM.Collect$$libinit$$00000032  c_w.l(libinit2.o)
    0x08000196   0x08000196   0x00000002   Code   RO          832    .ARM.Collect$$libinit$$00000033  c_w.l(libinit2.o)
    0x08000198   0x08000198   0x00000002   Code   RO          852    .ARM.Collect$$libshutdown$$00000000  c_w.l(libshutdown.o)
    0x0800019a   0x0800019a   0x00000000   Code   RO          865    .ARM.Collect$$libshutdown$$00000002  c_w.l(libshutdown2.o)
    0x0800019a   0x0800019a   0x00000000   Code   RO          867    .ARM.Collect$$libshutdown$$00000004  c_w.l(libshutdown2.o)
    0x0800019a   0x0800019a   0x00000000   Code   RO          870    .ARM.Collect$$libshutdown$$00000007  c_w.l(libshutdown2.o)
    0x0800019a   0x0800019a   0x00000000   Code   RO          873    .ARM.Collect$$libshutdown$$0000000A  c_w.l(libshutdown2.o)
    0x0800019a   0x0800019a   0x00000000   Code   RO          875    .ARM.Collect$$libshutdown$$0000000C  c_w.l(libshutdown2.o)
    0x0800019a   0x0800019a   0x00000000   Code   RO          878    .ARM.Collect$$libshutdown$$0000000F  c_w.l(libshutdown2.o)
    0x0800019a   0x0800019a   0x00000002   Code   RO          879    .ARM.Collect$$libshutdown$$00000010  c_w.l(libshutdown2.o)
    0x0800019c   0x0800019c   0x00000000   Code   RO          750    .ARM.Collect$$rtentry$$00000000  c_w.l(__rtentry.o)
    0x0800019c   0x0800019c   0x00000000   Code   RO          759    .ARM.Collect$$rtentry$$00000002  c_w.l(__rtentry2.o)
    0x0800019c   0x0800019c   0x00000006   Code   RO          771    .ARM.Collect$$rtentry$$00000004  c_w.l(__rtentry4.o)
    0x080001a2   0x080001a2   0x00000000   Code   RO          761    .ARM.Collect$$rtentry$$00000009  c_w.l(__rtentry2.o)
    0x080001a2   0x080001a2   0x00000004   Code   RO          762    .ARM.Collect$$rtentry$$0000000A  c_w.l(__rtentry2.o)
    0x080001a6   0x080001a6   0x00000000   Code   RO          764    .ARM.Collect$$rtentry$$0000000C  c_w.l(__rtentry2.o)
    0x080001a6   0x080001a6   0x00000008   Code   RO          765    .ARM.Collect$$rtentry$$0000000D  c_w.l(__rtentry2.o)
    0x080001ae   0x080001ae   0x00000002   Code   RO          786    .ARM.Collect$$rtexit$$00000000  c_w.l(rtexit.o)
    0x080001b0   0x080001b0   0x00000000   Code   RO          834    .ARM.Collect$$rtexit$$00000002  c_w.l(rtexit2.o)
    0x080001b0   0x080001b0   0x00000004   Code   RO          835    .ARM.Collect$$rtexit$$00000003  c_w.l(rtexit2.o)
    0x080001b4   0x080001b4   0x00000006   Code   RO          836    .ARM.Collect$$rtexit$$00000004  c_w.l(rtexit2.o)
    0x080001ba   0x080001ba   0x00000002   PAD
    0x080001bc   0x080001bc   0x00000040   Code   RO          684  * .text               startup_stm32f10x_md_vl.o
    0x080001fc   0x080001fc   0x00000006   Code   RO          736    .text               c_w.l(heapauxi.o)
    0x08000202   0x08000202   0x0000004a   Code   RO          773    .text               c_w.l(sys_stackheap_outer.o)
    0x0800024c   0x0800024c   0x00000012   Code   RO          775    .text               c_w.l(exit.o)
    0x0800025e   0x0800025e   0x00000002   PAD
    0x08000260   0x08000260   0x00000008   Code   RO          783    .text               c_w.l(libspace.o)
    0x08000268   0x08000268   0x0000000c   Code   RO          844    .text               c_w.l(sys_exit.o)
    0x08000274   0x08000274   0x00000002   Code   RO          855    .text               c_w.l(use_no_semi.o)
    0x08000276   0x08000276   0x00000000   Code   RO          857    .text               c_w.l(indicate_semi.o)
    0x08000276   0x08000276   0x00000002   Code   RO          543    i.DMA1_Channel1_Event  dma_stm32f10x.o
    0x08000278   0x08000278   0x0000001c   Code   RO          544    i.DMA1_Channel1_IRQHandler  dma_stm32f10x.o
    0x08000294   0x08000294   0x00000002   Code   RO          545    i.DMA1_Channel2_Event  dma_stm32f10x.o
    0x08000296   0x08000296   0x00000002   PAD
    0x08000298   0x08000298   0x0000001c   Code   RO          546    i.DMA1_Channel2_IRQHandler  dma_stm32f10x.o
    0x080002b4   0x080002b4   0x00000002   Code   RO          547    i.DMA1_Channel3_Event  dma_stm32f10x.o
    0x080002b6   0x080002b6   0x00000002   PAD
    0x080002b8   0x080002b8   0x0000001c   Code   RO          548    i.DMA1_Channel3_IRQHandler  dma_stm32f10x.o
    0x080002d4   0x080002d4   0x00000002   Code   RO          549    i.DMA1_Channel4_Event  dma_stm32f10x.o
    0x080002d6   0x080002d6   0x00000002   PAD
    0x080002d8   0x080002d8   0x0000001c   Code   RO          550    i.DMA1_Channel4_IRQHandler  dma_stm32f10x.o
    0x080002f4   0x080002f4   0x00000002   Code   RO          551    i.DMA1_Channel5_Event  dma_stm32f10x.o
    0x080002f6   0x080002f6   0x00000002   PAD
    0x080002f8   0x080002f8   0x0000001c   Code   RO          552    i.DMA1_Channel5_IRQHandler  dma_stm32f10x.o
    0x08000314   0x08000314   0x00000002   Code   RO          553    i.DMA1_Channel6_Event  dma_stm32f10x.o
    0x08000316   0x08000316   0x00000002   PAD
    0x08000318   0x08000318   0x0000001c   Code   RO          554    i.DMA1_Channel6_IRQHandler  dma_stm32f10x.o
    0x08000334   0x08000334   0x00000002   Code   RO          555    i.DMA1_Channel7_Event  dma_stm32f10x.o
    0x08000336   0x08000336   0x00000002   PAD
    0x08000338   0x08000338   0x0000001c   Code   RO          556    i.DMA1_Channel7_IRQHandler  dma_stm32f10x.o
    0x08000354   0x08000354   0x00000068   Code   RO           63    i.GPIOs_ini         gpios.o
    0x080003bc   0x080003bc   0x00000008   Code   RO          691    i.SetSysClock       system_stm32f10x.o
    0x080003c4   0x080003c4   0x000000b8   Code   RO          692    i.SetSysClockTo24   system_stm32f10x.o
    0x0800047c   0x0800047c   0x00000064   Code   RO          694    i.SystemInit        system_stm32f10x.o
    0x080004e0   0x080004e0   0x00000014   Code   RO          123    i.USART3_IRQHandler  main.o
    0x080004f4   0x080004f4   0x00000078   Code   RO          234    i.USART3_ini        usart.o
    0x0800056c   0x0800056c   0x0000002c   Code   RO          174    i.delay_ms          util.o
    0x08000598   0x08000598   0x0000001c   Code   RO          235    i.getByte_U3        usart.o
    0x080005b4   0x080005b4   0x00000014   Code   RO           67    i.indicator_on      gpios.o
    0x080005c8   0x080005c8   0x000001ac   Code   RO          336    i.initialization    operation_index.o
    0x08000774   0x08000774   0x0000001c   Code   RO          124    i.main              main.o
    0x08000790   0x08000790   0x00000028   Code   RO          337    i.motor1_on         operation_index.o
    0x080007b8   0x080007b8   0x00000028   Code   RO          338    i.motor2_on         operation_index.o
    0x080007e0   0x080007e0   0x0000001c   Code   RO          339    i.motor_on          operation_index.o
    0x080007fc   0x080007fc   0x00000048   Code   RO          340    i.operation_armBwd  operation_index.o
    0x08000844   0x08000844   0x00000048   Code   RO          341    i.operation_armFwd  operation_index.o
    0x0800088c   0x0800088c   0x00000014   Code   RO          342    i.operation_armStop  operation_index.o
    0x080008a0   0x080008a0   0x00000050   Code   RO          343    i.operation_arm_mvbwd_5_deg  operation_index.o
    0x080008f0   0x080008f0   0x00000048   Code   RO          344    i.operation_arm_mvfwd_5_deg  operation_index.o
    0x08000938   0x08000938   0x0000002c   Code   RO          345    i.operation_bwd     operation_index.o
    0x08000964   0x08000964   0x00000040   Code   RO          346    i.operation_clampGet  operation_index.o
    0x080009a4   0x080009a4   0x00000040   Code   RO          347    i.operation_clampLease  operation_index.o
    0x080009e4   0x080009e4   0x00000014   Code   RO          348    i.operation_clampStop  operation_index.o
    0x080009f8   0x080009f8   0x0000002c   Code   RO          349    i.operation_fwd     operation_index.o
    0x08000a24   0x08000a24   0x00000040   Code   RO          350    i.operation_rotate_arm_left  operation_index.o
    0x08000a64   0x08000a64   0x00000040   Code   RO          351    i.operation_rotate_arm_left_10deg  operation_index.o
    0x08000aa4   0x08000aa4   0x00000040   Code   RO          352    i.operation_rotate_arm_right  operation_index.o
    0x08000ae4   0x08000ae4   0x00000040   Code   RO          353    i.operation_rotate_arm_right_10deg  operation_index.o
    0x08000b24   0x08000b24   0x0000004c   Code   RO          354    i.operation_rotate_clamp_left  operation_index.o
    0x08000b70   0x08000b70   0x0000004c   Code   RO          355    i.operation_rotate_clamp_right  operation_index.o
    0x08000bbc   0x08000bbc   0x0000005c   Code   RO          356    i.operation_subarmBwd  operation_index.o
    0x08000c18   0x08000c18   0x0000005c   Code   RO          357    i.operation_subarmFwd  operation_index.o
    0x08000c74   0x08000c74   0x00000040   Code   RO          358    i.operation_subarm_mvbwd_5_deg  operation_index.o
    0x08000cb4   0x08000cb4   0x00000040   Code   RO          359    i.operation_subarm_mvfwd_5_deg  operation_index.o
    0x08000cf4   0x08000cf4   0x0000000c   Code   RO          360    i.operation_third_acceleration  operation_index.o
    0x08000d00   0x08000d00   0x0000002c   Code   RO          361    i.operation_turnLeft  operation_index.o
    0x08000d2c   0x08000d2c   0x0000002c   Code   RO          362    i.operation_turnRight  operation_index.o
    0x08000d58   0x08000d58   0x0000000c   Code   RO          363    i.opreation_second_acceleration  operation_index.o
    0x08000d64   0x08000d64   0x00000014   Code   RO          364    i.opreation_wheel_stop  operation_index.o
    0x08000d78   0x08000d78   0x00000100   Code   RO          301    i.process           command.o
    0x08000e78   0x08000e78   0x000000d8   Code   RO          193    i.setTim1           timer.o
    0x08000f50   0x08000f50   0x00000134   Code   RO          194    i.setTim3           timer.o
    0x08001084   0x08001084   0x00000130   Code   RO          195    i.setTim4           timer.o
    0x080011b4   0x080011b4   0x0000002c   Code   RO            4    i.setupClock        clock.o
    0x080011e0   0x080011e0   0x00000018   Code   RO          751    x$fpl$fcmpinf       fz_ws.l(fcmpi.o)
    0x080011f8   0x080011f8   0x00000030   Code   RO          741    x$fpl$fflt          fz_ws.l(fflt_clz.o)
    0x08001228   0x08001228   0x00000068   Code   RO          746    x$fpl$fleqf         fz_ws.l(fleqf.o)
    0x08001290   0x08001290   0x00000102   Code   RO          748    x$fpl$fmul          fz_ws.l(fmul.o)
    0x08001392   0x08001392   0x0000008c   Code   RO          753    x$fpl$fnaninf       fz_ws.l(fnaninf.o)
    0x0800141e   0x0800141e   0x0000000a   Code   RO          755    x$fpl$fretinf       fz_ws.l(fretinf.o)
    0x08001428   0x08001428   0x00000000   Code   RO          757    x$fpl$usenofp       fz_ws.l(usenofp.o)
    0x08001428   0x08001428   0x00000020   Data   RO          910    Region$$Table       anon$$obj.o


    Execution Region ER_RW (Exec base: 0x20000000, Load base: 0x08001448, Size: 0x0000000c, Max: 0xffffffff, ABSOLUTE)

    Exec Addr    Load Addr    Size         Type   Attr      Idx    E Section Name        Object

    0x20000000   0x08001448   0x0000000a   Data   RW          367    .data               operation_index.o


    Execution Region ER_ZI (Exec base: 0x2000000c, Load base: 0x08001454, Size: 0x00000664, Max: 0xffffffff, ABSOLUTE)

    Exec Addr    Load Addr    Size         Type   Attr      Idx    E Section Name        Object

    0x2000000c        -       0x00000060   Zero   RW          784    .bss                c_w.l(libspace.o)
    0x2000006c   0x08001454   0x00000004   PAD
    0x20000070        -       0x00000200   Zero   RW          682    HEAP                startup_stm32f10x_md_vl.o
    0x20000270        -       0x00000400   Zero   RW          681    STACK               startup_stm32f10x_md_vl.o


==============================================================================

Image component sizes


      Code (inc. data)   RO Data    RW Data    ZI Data      Debug   Object Name

        44         14          0          0          0       4941   clock.o
       256         50          0          0          0        726   command.o
       210         30          0          0          0       7259   dma_stm32f10x.o
       124         20          0          0          0        767   gpios.o
        48          0          0          0          0        831   main.o
      1940        312          0         10          0      13678   operation_index.o
        64         26        288          0       1536        812   startup_stm32f10x_md_vl.o
       292         24          0          0          0       1937   system_stm32f10x.o
       828         44          0          0          0       1342   timer.o
       148         26          0          0          0        818   usart.o
        44          6          0          0          0        471   util.o

    ----------------------------------------------------------------------
      4010        552        320         12       1536      33582   Object Totals
         0          0         32          0          0          0   (incl. Generated)
        12          0          0          2          0          0   (incl. Padding)

    ----------------------------------------------------------------------

      Code (inc. data)   RO Data    RW Data    ZI Data      Debug   Library Member Name

         8          0          0          0          0         68   __main.o
         0          0          0          0          0          0   __rtentry.o
        12          0          0          0          0          0   __rtentry2.o
         6          0          0          0          0          0   __rtentry4.o
        52          8          0          0          0          0   __scatter.o
        26          0          0          0          0          0   __scatter_copy.o
        28          0          0          0          0          0   __scatter_zi.o
        18          0          0          0          0         80   exit.o
         6          0          0          0          0        152   heapauxi.o
         0          0          0          0          0          0   indicate_semi.o
         2          0          0          0          0          0   libinit.o
         2          0          0          0          0          0   libinit2.o
         2          0          0          0          0          0   libshutdown.o
         2          0          0          0          0          0   libshutdown2.o
         8          4          0          0         96         68   libspace.o
         2          0          0          0          0          0   rtexit.o
        10          0          0          0          0          0   rtexit2.o
        12          4          0          0          0         68   sys_exit.o
        74          0          0          0          0         80   sys_stackheap_outer.o
         2          0          0          0          0         68   use_no_semi.o
        24          0          0          0          0         68   fcmpi.o
        48          0          0          0          0         68   fflt_clz.o
       104          4          0          0          0         84   fleqf.o
       258          4          0          0          0         84   fmul.o
       140          4          0          0          0         84   fnaninf.o
        10          0          0          0          0         68   fretinf.o
         0          0          0          0          0          0   usenofp.o

    ----------------------------------------------------------------------
       862         28          0          0        100       1040   Library Totals
         6          0          0          0          4          0   (incl. Padding)

    ----------------------------------------------------------------------

      Code (inc. data)   RO Data    RW Data    ZI Data      Debug   Library Name

       272         16          0          0         96        584   c_w.l
       584         12          0          0          0        456   fz_ws.l

    ----------------------------------------------------------------------
       862         28          0          0        100       1040   Library Totals

    ----------------------------------------------------------------------

==============================================================================


      Code (inc. data)   RO Data    RW Data    ZI Data      Debug   

      4872        580        320         12       1636      31290   Grand Totals
      4872        580        320         12       1636      31290   ELF Image Totals
      4872        580        320         12          0          0   ROM Totals

==============================================================================

    Total RO  Size (Code + RO Data)                 5192 (   5.07kB)
    Total RW  Size (RW Data + ZI Data)              1648 (   1.61kB)
    Total ROM Size (Code + RO Data + RW Data)       5204 (   5.08kB)

==============================================================================

